  Determining projects to restore...
C:\Program Files\dotnet\sdk\9.0.201\NuGet.targets(175,5): warning : No Authorization header detected [C:\Users\eduardo.hipolito\Documents\MyProjects\MultiTenantApp\src\MultiTenantApp.Web\MultiTenantApp.Web.csproj]
  All projects are up-to-date for restore.
C:\Users\eduardo.hipolito\Documents\MyProjects\MultiTenantApp\src\MultiTenantApp.Application\MultiTenantApp.Application.csproj : warning Undefined: No Authorization header detected
  MultiTenantApp.Domain -> C:\Users\eduardo.hipolito\Documents\MyProjects\MultiTenantApp\src\MultiTenantApp.Domain\bin\Debug\net9.0\MultiTenantApp.Domain.dll
  MultiTenantApp.Application -> C:\Users\eduardo.hipolito\Documents\MyProjects\MultiTenantApp\src\MultiTenantApp.Application\bin\Debug\net9.0\MultiTenantApp.Application.dll
C:\Users\eduardo.hipolito\Documents\MyProjects\MultiTenantApp\src\MultiTenantApp.Web\App.razor(1,1): warning RZ10012: Found markup element with unexpected name 'MudThemeProvider'. If this is intended to be a component, add a @using directive for its namespace. [C:\Users\eduardo.hipolito\Documents\MyProjects\MultiTenantApp\src\MultiTenantApp.Web\MultiTenantApp.Web.csproj]
C:\Users\eduardo.hipolito\Documents\MyProjects\MultiTenantApp\src\MultiTenantApp.Web\App.razor(2,1): warning RZ10012: Found markup element with unexpected name 'MudDialogProvider'. If this is intended to be a component, add a @using directive for its namespace. [C:\Users\eduardo.hipolito\Documents\MyProjects\MultiTenantApp\src\MultiTenantApp.Web\MultiTenantApp.Web.csproj]
C:\Users\eduardo.hipolito\Documents\MyProjects\MultiTenantApp\src\MultiTenantApp.Web\App.razor(3,1): warning RZ10012: Found markup element with unexpected name 'MudSnackbarProvider'. If this is intended to be a component, add a @using directive for its namespace. [C:\Users\eduardo.hipolito\Documents\MyProjects\MultiTenantApp\src\MultiTenantApp.Web\MultiTenantApp.Web.csproj]
C:\Users\eduardo.hipolito\Documents\MyProjects\MultiTenantApp\src\MultiTenantApp.Web\Pages\Login.razor(10,1): warning RZ10012: Found markup element with unexpected name 'MudContainer'. If this is intended to be a component, add a @using directive for its namespace. [C:\Users\eduardo.hipolito\Documents\MyProjects\MultiTenantApp\src\MultiTenantApp.Web\MultiTenantApp.Web.csproj]
C:\Users\eduardo.hipolito\Documents\MyProjects\MultiTenantApp\src\MultiTenantApp.Web\Pages\Login.razor(11,5): warning RZ10012: Found markup element with unexpected name 'MudPaper'. If this is intended to be a component, add a @using directive for its namespace. [C:\Users\eduardo.hipolito\Documents\MyProjects\MultiTenantApp\src\MultiTenantApp.Web\MultiTenantApp.Web.csproj]
C:\Users\eduardo.hipolito\Documents\MyProjects\MultiTenantApp\src\MultiTenantApp.Web\Pages\Login.razor(12,9): warning RZ10012: Found markup element with unexpected name 'MudText'. If this is intended to be a component, add a @using directive for its namespace. [C:\Users\eduardo.hipolito\Documents\MyProjects\MultiTenantApp\src\MultiTenantApp.Web\MultiTenantApp.Web.csproj]
C:\Users\eduardo.hipolito\Documents\MyProjects\MultiTenantApp\src\MultiTenantApp.Web\Pages\Login.razor(14,9): warning RZ10012: Found markup element with unexpected name 'MudForm'. If this is intended to be a component, add a @using directive for its namespace. [C:\Users\eduardo.hipolito\Documents\MyProjects\MultiTenantApp\src\MultiTenantApp.Web\MultiTenantApp.Web.csproj]
C:\Users\eduardo.hipolito\Documents\MyProjects\MultiTenantApp\src\MultiTenantApp.Web\Pages\Login.razor(14,45): error RZ9991: The attribute names could not be inferred from bind attribute 'bind-IsValid'. Bind attributes should be of the form 'bind' or 'bind-value' along with their corresponding optional parameters like 'bind-value:event', 'bind:format' etc. [C:\Users\eduardo.hipolito\Documents\MyProjects\MultiTenantApp\src\MultiTenantApp.Web\MultiTenantApp.Web.csproj]
C:\Users\eduardo.hipolito\Documents\MyProjects\MultiTenantApp\src\MultiTenantApp.Web\Pages\Login.razor(15,13): warning RZ10012: Found markup element with unexpected name 'MudTextField'. If this is intended to be a component, add a @using directive for its namespace. [C:\Users\eduardo.hipolito\Documents\MyProjects\MultiTenantApp\src\MultiTenantApp.Web\MultiTenantApp.Web.csproj]
C:\Users\eduardo.hipolito\Documents\MyProjects\MultiTenantApp\src\MultiTenantApp.Web\Pages\Login.razor(15,40): error RZ9991: The attribute names could not be inferred from bind attribute 'bind-Value'. Bind attributes should be of the form 'bind' or 'bind-value' along with their corresponding optional parameters like 'bind-value:event', 'bind:format' etc. [C:\Users\eduardo.hipolito\Documents\MyProjects\MultiTenantApp\src\MultiTenantApp.Web\MultiTenantApp.Web.csproj]
C:\Users\eduardo.hipolito\Documents\MyProjects\MultiTenantApp\src\MultiTenantApp.Web\Pages\Login.razor(23,13): warning RZ10012: Found markup element with unexpected name 'MudTextField'. If this is intended to be a component, add a @using directive for its namespace. [C:\Users\eduardo.hipolito\Documents\MyProjects\MultiTenantApp\src\MultiTenantApp.Web\MultiTenantApp.Web.csproj]
C:\Users\eduardo.hipolito\Documents\MyProjects\MultiTenantApp\src\MultiTenantApp.Web\Pages\Login.razor(23,40): error RZ9991: The attribute names could not be inferred from bind attribute 'bind-Value'. Bind attributes should be of the form 'bind' or 'bind-value' along with their corresponding optional parameters like 'bind-value:event', 'bind:format' etc. [C:\Users\eduardo.hipolito\Documents\MyProjects\MultiTenantApp\src\MultiTenantApp.Web\MultiTenantApp.Web.csproj]
C:\Users\eduardo.hipolito\Documents\MyProjects\MultiTenantApp\src\MultiTenantApp.Web\Pages\Login.razor(32,13): warning RZ10012: Found markup element with unexpected name 'ServerSelect'. If this is intended to be a component, add a @using directive for its namespace. [C:\Users\eduardo.hipolito\Documents\MyProjects\MultiTenantApp\src\MultiTenantApp.Web\MultiTenantApp.Web.csproj]
C:\Users\eduardo.hipolito\Documents\MyProjects\MultiTenantApp\src\MultiTenantApp.Web\Pages\Login.razor(34,39): error RZ9991: The attribute names could not be inferred from bind attribute 'bind-Value'. Bind attributes should be of the form 'bind' or 'bind-value' along with their corresponding optional parameters like 'bind-value:event', 'bind:format' etc. [C:\Users\eduardo.hipolito\Documents\MyProjects\MultiTenantApp\src\MultiTenantApp.Web\MultiTenantApp.Web.csproj]
C:\Users\eduardo.hipolito\Documents\MyProjects\MultiTenantApp\src\MultiTenantApp.Web\Pages\Login.razor(43,13): warning RZ10012: Found markup element with unexpected name 'MudButton'. If this is intended to be a component, add a @using directive for its namespace. [C:\Users\eduardo.hipolito\Documents\MyProjects\MultiTenantApp\src\MultiTenantApp.Web\MultiTenantApp.Web.csproj]
C:\Users\eduardo.hipolito\Documents\MyProjects\MultiTenantApp\src\MultiTenantApp.Web\Pages\Login.razor(54,13): warning RZ10012: Found markup element with unexpected name 'MudAlert'. If this is intended to be a component, add a @using directive for its namespace. [C:\Users\eduardo.hipolito\Documents\MyProjects\MultiTenantApp\src\MultiTenantApp.Web\MultiTenantApp.Web.csproj]
C:\Users\eduardo.hipolito\Documents\MyProjects\MultiTenantApp\src\MultiTenantApp.Web\Pages\ProductCreateDialog.razor(5,1): warning RZ10012: Found markup element with unexpected name 'MudDialog'. If this is intended to be a component, add a @using directive for its namespace. [C:\Users\eduardo.hipolito\Documents\MyProjects\MultiTenantApp\src\MultiTenantApp.Web\MultiTenantApp.Web.csproj]
C:\Users\eduardo.hipolito\Documents\MyProjects\MultiTenantApp\src\MultiTenantApp.Web\Pages\ProductCreateDialog.razor(6,5): warning RZ10012: Found markup element with unexpected name 'DialogContent'. If this is intended to be a component, add a @using directive for its namespace. [C:\Users\eduardo.hipolito\Documents\MyProjects\MultiTenantApp\src\MultiTenantApp.Web\MultiTenantApp.Web.csproj]
C:\Users\eduardo.hipolito\Documents\MyProjects\MultiTenantApp\src\MultiTenantApp.Web\Pages\ProductCreateDialog.razor(7,9): warning RZ10012: Found markup element with unexpected name 'MudForm'. If this is intended to be a component, add a @using directive for its namespace. [C:\Users\eduardo.hipolito\Documents\MyProjects\MultiTenantApp\src\MultiTenantApp.Web\MultiTenantApp.Web.csproj]
C:\Users\eduardo.hipolito\Documents\MyProjects\MultiTenantApp\src\MultiTenantApp.Web\Pages\ProductCreateDialog.razor(7,45): error RZ9991: The attribute names could not be inferred from bind attribute 'bind-IsValid'. Bind attributes should be of the form 'bind' or 'bind-value' along with their corresponding optional parameters like 'bind-value:event', 'bind:format' etc. [C:\Users\eduardo.hipolito\Documents\MyProjects\MultiTenantApp\src\MultiTenantApp.Web\MultiTenantApp.Web.csproj]
C:\Users\eduardo.hipolito\Documents\MyProjects\MultiTenantApp\src\MultiTenantApp.Web\Pages\ProductCreateDialog.razor(8,13): warning RZ10012: Found markup element with unexpected name 'MudTextField'. If this is intended to be a component, add a @using directive for its namespace. [C:\Users\eduardo.hipolito\Documents\MyProjects\MultiTenantApp\src\MultiTenantApp.Web\MultiTenantApp.Web.csproj]
C:\Users\eduardo.hipolito\Documents\MyProjects\MultiTenantApp\src\MultiTenantApp.Web\Pages\ProductCreateDialog.razor(8,40): error RZ9991: The attribute names could not be inferred from bind attribute 'bind-Value'. Bind attributes should be of the form 'bind' or 'bind-value' along with their corresponding optional parameters like 'bind-value:event', 'bind:format' etc. [C:\Users\eduardo.hipolito\Documents\MyProjects\MultiTenantApp\src\MultiTenantApp.Web\MultiTenantApp.Web.csproj]
C:\Users\eduardo.hipolito\Documents\MyProjects\MultiTenantApp\src\MultiTenantApp.Web\Pages\ProductCreateDialog.razor(15,13): warning RZ10012: Found markup element with unexpected name 'MudTextField'. If this is intended to be a component, add a @using directive for its namespace. [C:\Users\eduardo.hipolito\Documents\MyProjects\MultiTenantApp\src\MultiTenantApp.Web\MultiTenantApp.Web.csproj]
C:\Users\eduardo.hipolito\Documents\MyProjects\MultiTenantApp\src\MultiTenantApp.Web\Pages\ProductCreateDialog.razor(15,40): error RZ9991: The attribute names could not be inferred from bind attribute 'bind-Value'. Bind attributes should be of the form 'bind' or 'bind-value' along with their corresponding optional parameters like 'bind-value:event', 'bind:format' etc. [C:\Users\eduardo.hipolito\Documents\MyProjects\MultiTenantApp\src\MultiTenantApp.Web\MultiTenantApp.Web.csproj]
C:\Users\eduardo.hipolito\Documents\MyProjects\MultiTenantApp\src\MultiTenantApp.Web\Pages\ProductCreateDialog.razor(22,13): warning RZ10012: Found markup element with unexpected name 'MudNumericField'. If this is intended to be a component, add a @using directive for its namespace. [C:\Users\eduardo.hipolito\Documents\MyProjects\MultiTenantApp\src\MultiTenantApp.Web\MultiTenantApp.Web.csproj]
C:\Users\eduardo.hipolito\Documents\MyProjects\MultiTenantApp\src\MultiTenantApp.Web\Pages\ProductCreateDialog.razor(22,43): error RZ9991: The attribute names could not be inferred from bind attribute 'bind-Value'. Bind attributes should be of the form 'bind' or 'bind-value' along with their corresponding optional parameters like 'bind-value:event', 'bind:format' etc. [C:\Users\eduardo.hipolito\Documents\MyProjects\MultiTenantApp\src\MultiTenantApp.Web\MultiTenantApp.Web.csproj]
C:\Users\eduardo.hipolito\Documents\MyProjects\MultiTenantApp\src\MultiTenantApp.Web\Pages\ProductCreateDialog.razor(32,5): warning RZ10012: Found markup element with unexpected name 'DialogActions'. If this is intended to be a component, add a @using directive for its namespace. [C:\Users\eduardo.hipolito\Documents\MyProjects\MultiTenantApp\src\MultiTenantApp.Web\MultiTenantApp.Web.csproj]
C:\Users\eduardo.hipolito\Documents\MyProjects\MultiTenantApp\src\MultiTenantApp.Web\Pages\ProductCreateDialog.razor(33,9): warning RZ10012: Found markup element with unexpected name 'MudButton'. If this is intended to be a component, add a @using directive for its namespace. [C:\Users\eduardo.hipolito\Documents\MyProjects\MultiTenantApp\src\MultiTenantApp.Web\MultiTenantApp.Web.csproj]
C:\Users\eduardo.hipolito\Documents\MyProjects\MultiTenantApp\src\MultiTenantApp.Web\Pages\ProductCreateDialog.razor(34,9): warning RZ10012: Found markup element with unexpected name 'MudButton'. If this is intended to be a component, add a @using directive for its namespace. [C:\Users\eduardo.hipolito\Documents\MyProjects\MultiTenantApp\src\MultiTenantApp.Web\MultiTenantApp.Web.csproj]
C:\Users\eduardo.hipolito\Documents\MyProjects\MultiTenantApp\src\MultiTenantApp.Web\Pages\Products.razor(7,1): warning RZ10012: Found markup element with unexpected name 'MudText'. If this is intended to be a component, add a @using directive for its namespace. [C:\Users\eduardo.hipolito\Documents\MyProjects\MultiTenantApp\src\MultiTenantApp.Web\MultiTenantApp.Web.csproj]
C:\Users\eduardo.hipolito\Documents\MyProjects\MultiTenantApp\src\MultiTenantApp.Web\Pages\Products.razor(9,1): warning RZ10012: Found markup element with unexpected name 'MudButton'. If this is intended to be a component, add a @using directive for its namespace. [C:\Users\eduardo.hipolito\Documents\MyProjects\MultiTenantApp\src\MultiTenantApp.Web\MultiTenantApp.Web.csproj]
C:\Users\eduardo.hipolito\Documents\MyProjects\MultiTenantApp\src\MultiTenantApp.Web\Pages\Products.razor(17,1): warning RZ10012: Found markup element with unexpected name 'MudDataGrid'. If this is intended to be a component, add a @using directive for its namespace. [C:\Users\eduardo.hipolito\Documents\MyProjects\MultiTenantApp\src\MultiTenantApp.Web\MultiTenantApp.Web.csproj]
C:\Users\eduardo.hipolito\Documents\MyProjects\MultiTenantApp\src\MultiTenantApp.Web\Pages\Products.razor(23,5): warning RZ10012: Found markup element with unexpected name 'Columns'. If this is intended to be a component, add a @using directive for its namespace. [C:\Users\eduardo.hipolito\Documents\MyProjects\MultiTenantApp\src\MultiTenantApp.Web\MultiTenantApp.Web.csproj]
C:\Users\eduardo.hipolito\Documents\MyProjects\MultiTenantApp\src\MultiTenantApp.Web\Pages\Products.razor(24,9): warning RZ10012: Found markup element with unexpected name 'PropertyColumn'. If this is intended to be a component, add a @using directive for its namespace. [C:\Users\eduardo.hipolito\Documents\MyProjects\MultiTenantApp\src\MultiTenantApp.Web\MultiTenantApp.Web.csproj]
C:\Users\eduardo.hipolito\Documents\MyProjects\MultiTenantApp\src\MultiTenantApp.Web\Pages\Products.razor(25,9): warning RZ10012: Found markup element with unexpected name 'PropertyColumn'. If this is intended to be a component, add a @using directive for its namespace. [C:\Users\eduardo.hipolito\Documents\MyProjects\MultiTenantApp\src\MultiTenantApp.Web\MultiTenantApp.Web.csproj]
C:\Users\eduardo.hipolito\Documents\MyProjects\MultiTenantApp\src\MultiTenantApp.Web\Pages\Products.razor(26,9): warning RZ10012: Found markup element with unexpected name 'PropertyColumn'. If this is intended to be a component, add a @using directive for its namespace. [C:\Users\eduardo.hipolito\Documents\MyProjects\MultiTenantApp\src\MultiTenantApp.Web\MultiTenantApp.Web.csproj]
C:\Users\eduardo.hipolito\Documents\MyProjects\MultiTenantApp\src\MultiTenantApp.Web\Pages\Products.razor(27,9): warning RZ10012: Found markup element with unexpected name 'TemplateColumn'. If this is intended to be a component, add a @using directive for its namespace. [C:\Users\eduardo.hipolito\Documents\MyProjects\MultiTenantApp\src\MultiTenantApp.Web\MultiTenantApp.Web.csproj]
C:\Users\eduardo.hipolito\Documents\MyProjects\MultiTenantApp\src\MultiTenantApp.Web\Pages\Products.razor(28,13): warning RZ10012: Found markup element with unexpected name 'CellTemplate'. If this is intended to be a component, add a @using directive for its namespace. [C:\Users\eduardo.hipolito\Documents\MyProjects\MultiTenantApp\src\MultiTenantApp.Web\MultiTenantApp.Web.csproj]
C:\Users\eduardo.hipolito\Documents\MyProjects\MultiTenantApp\src\MultiTenantApp.Web\Pages\Products.razor(29,17): warning RZ10012: Found markup element with unexpected name 'MudIconButton'. If this is intended to be a component, add a @using directive for its namespace. [C:\Users\eduardo.hipolito\Documents\MyProjects\MultiTenantApp\src\MultiTenantApp.Web\MultiTenantApp.Web.csproj]
C:\Users\eduardo.hipolito\Documents\MyProjects\MultiTenantApp\src\MultiTenantApp.Web\Pages\Products.razor(36,5): warning RZ10012: Found markup element with unexpected name 'PagerContent'. If this is intended to be a component, add a @using directive for its namespace. [C:\Users\eduardo.hipolito\Documents\MyProjects\MultiTenantApp\src\MultiTenantApp.Web\MultiTenantApp.Web.csproj]
C:\Users\eduardo.hipolito\Documents\MyProjects\MultiTenantApp\src\MultiTenantApp.Web\Pages\Products.razor(37,9): warning RZ10012: Found markup element with unexpected name 'MudDataGridPager'. If this is intended to be a component, add a @using directive for its namespace. [C:\Users\eduardo.hipolito\Documents\MyProjects\MultiTenantApp\src\MultiTenantApp.Web\MultiTenantApp.Web.csproj]
C:\Users\eduardo.hipolito\Documents\MyProjects\MultiTenantApp\src\MultiTenantApp.Web\Pages\Register.razor(13,1): warning RZ10012: Found markup element with unexpected name 'MudContainer'. If this is intended to be a component, add a @using directive for its namespace. [C:\Users\eduardo.hipolito\Documents\MyProjects\MultiTenantApp\src\MultiTenantApp.Web\MultiTenantApp.Web.csproj]
C:\Users\eduardo.hipolito\Documents\MyProjects\MultiTenantApp\src\MultiTenantApp.Web\Pages\Register.razor(14,5): warning RZ10012: Found markup element with unexpected name 'MudPaper'. If this is intended to be a component, add a @using directive for its namespace. [C:\Users\eduardo.hipolito\Documents\MyProjects\MultiTenantApp\src\MultiTenantApp.Web\MultiTenantApp.Web.csproj]
C:\Users\eduardo.hipolito\Documents\MyProjects\MultiTenantApp\src\MultiTenantApp.Web\Pages\Register.razor(15,9): warning RZ10012: Found markup element with unexpected name 'MudText'. If this is intended to be a component, add a @using directive for its namespace. [C:\Users\eduardo.hipolito\Documents\MyProjects\MultiTenantApp\src\MultiTenantApp.Web\MultiTenantApp.Web.csproj]
C:\Users\eduardo.hipolito\Documents\MyProjects\MultiTenantApp\src\MultiTenantApp.Web\Pages\Register.razor(19,13): warning RZ10012: Found markup element with unexpected name 'MudAlert'. If this is intended to be a component, add a @using directive for its namespace. [C:\Users\eduardo.hipolito\Documents\MyProjects\MultiTenantApp\src\MultiTenantApp.Web\MultiTenantApp.Web.csproj]
C:\Users\eduardo.hipolito\Documents\MyProjects\MultiTenantApp\src\MultiTenantApp.Web\Pages\Register.razor(23,13): warning RZ10012: Found markup element with unexpected name 'MudForm'. If this is intended to be a component, add a @using directive for its namespace. [C:\Users\eduardo.hipolito\Documents\MyProjects\MultiTenantApp\src\MultiTenantApp.Web\MultiTenantApp.Web.csproj]
C:\Users\eduardo.hipolito\Documents\MyProjects\MultiTenantApp\src\MultiTenantApp.Web\Pages\Register.razor(23,49): error RZ9991: The attribute names could not be inferred from bind attribute 'bind-IsValid'. Bind attributes should be of the form 'bind' or 'bind-value' along with their corresponding optional parameters like 'bind-value:event', 'bind:format' etc. [C:\Users\eduardo.hipolito\Documents\MyProjects\MultiTenantApp\src\MultiTenantApp.Web\MultiTenantApp.Web.csproj]
C:\Users\eduardo.hipolito\Documents\MyProjects\MultiTenantApp\src\MultiTenantApp.Web\Pages\Register.razor(24,17): warning RZ10012: Found markup element with unexpected name 'MudTextField'. If this is intended to be a component, add a @using directive for its namespace. [C:\Users\eduardo.hipolito\Documents\MyProjects\MultiTenantApp\src\MultiTenantApp.Web\MultiTenantApp.Web.csproj]
C:\Users\eduardo.hipolito\Documents\MyProjects\MultiTenantApp\src\MultiTenantApp.Web\Pages\Register.razor(24,44): error RZ9991: The attribute names could not be inferred from bind attribute 'bind-Value'. Bind attributes should be of the form 'bind' or 'bind-value' along with their corresponding optional parameters like 'bind-value:event', 'bind:format' etc. [C:\Users\eduardo.hipolito\Documents\MyProjects\MultiTenantApp\src\MultiTenantApp.Web\MultiTenantApp.Web.csproj]
C:\Users\eduardo.hipolito\Documents\MyProjects\MultiTenantApp\src\MultiTenantApp.Web\Pages\Register.razor(31,17): warning RZ10012: Found markup element with unexpected name 'MudTextField'. If this is intended to be a component, add a @using directive for its namespace. [C:\Users\eduardo.hipolito\Documents\MyProjects\MultiTenantApp\src\MultiTenantApp.Web\MultiTenantApp.Web.csproj]
C:\Users\eduardo.hipolito\Documents\MyProjects\MultiTenantApp\src\MultiTenantApp.Web\Pages\Register.razor(31,44): error RZ9991: The attribute names could not be inferred from bind attribute 'bind-Value'. Bind attributes should be of the form 'bind' or 'bind-value' along with their corresponding optional parameters like 'bind-value:event', 'bind:format' etc. [C:\Users\eduardo.hipolito\Documents\MyProjects\MultiTenantApp\src\MultiTenantApp.Web\MultiTenantApp.Web.csproj]
C:\Users\eduardo.hipolito\Documents\MyProjects\MultiTenantApp\src\MultiTenantApp.Web\Pages\Register.razor(39,17): warning RZ10012: Found markup element with unexpected name 'MudTextField'. If this is intended to be a component, add a @using directive for its namespace. [C:\Users\eduardo.hipolito\Documents\MyProjects\MultiTenantApp\src\MultiTenantApp.Web\MultiTenantApp.Web.csproj]
C:\Users\eduardo.hipolito\Documents\MyProjects\MultiTenantApp\src\MultiTenantApp.Web\Pages\Register.razor(39,44): error RZ9991: The attribute names could not be inferred from bind attribute 'bind-Value'. Bind attributes should be of the form 'bind' or 'bind-value' along with their corresponding optional parameters like 'bind-value:event', 'bind:format' etc. [C:\Users\eduardo.hipolito\Documents\MyProjects\MultiTenantApp\src\MultiTenantApp.Web\MultiTenantApp.Web.csproj]
C:\Users\eduardo.hipolito\Documents\MyProjects\MultiTenantApp\src\MultiTenantApp.Web\Pages\Register.razor(46,17): warning RZ10012: Found markup element with unexpected name 'MudButton'. If this is intended to be a component, add a @using directive for its namespace. [C:\Users\eduardo.hipolito\Documents\MyProjects\MultiTenantApp\src\MultiTenantApp.Web\MultiTenantApp.Web.csproj]
C:\Users\eduardo.hipolito\Documents\MyProjects\MultiTenantApp\src\MultiTenantApp.Web\Pages\Register.razor(57,17): warning RZ10012: Found markup element with unexpected name 'MudAlert'. If this is intended to be a component, add a @using directive for its namespace. [C:\Users\eduardo.hipolito\Documents\MyProjects\MultiTenantApp\src\MultiTenantApp.Web\MultiTenantApp.Web.csproj]
C:\Users\eduardo.hipolito\Documents\MyProjects\MultiTenantApp\src\MultiTenantApp.Web\Pages\Rules.razor(12,1): warning RZ10012: Found markup element with unexpected name 'MudText'. If this is intended to be a component, add a @using directive for its namespace. [C:\Users\eduardo.hipolito\Documents\MyProjects\MultiTenantApp\src\MultiTenantApp.Web\MultiTenantApp.Web.csproj]
C:\Users\eduardo.hipolito\Documents\MyProjects\MultiTenantApp\src\MultiTenantApp.Web\Pages\Rules.razor(14,1): warning RZ10012: Found markup element with unexpected name 'MudPaper'. If this is intended to be a component, add a @using directive for its namespace. [C:\Users\eduardo.hipolito\Documents\MyProjects\MultiTenantApp\src\MultiTenantApp.Web\MultiTenantApp.Web.csproj]
C:\Users\eduardo.hipolito\Documents\MyProjects\MultiTenantApp\src\MultiTenantApp.Web\Pages\Rules.razor(15,5): warning RZ10012: Found markup element with unexpected name 'MudGrid'. If this is intended to be a component, add a @using directive for its namespace. [C:\Users\eduardo.hipolito\Documents\MyProjects\MultiTenantApp\src\MultiTenantApp.Web\MultiTenantApp.Web.csproj]
C:\Users\eduardo.hipolito\Documents\MyProjects\MultiTenantApp\src\MultiTenantApp.Web\Pages\Rules.razor(16,9): warning RZ10012: Found markup element with unexpected name 'MudItem'. If this is intended to be a component, add a @using directive for its namespace. [C:\Users\eduardo.hipolito\Documents\MyProjects\MultiTenantApp\src\MultiTenantApp.Web\MultiTenantApp.Web.csproj]
C:\Users\eduardo.hipolito\Documents\MyProjects\MultiTenantApp\src\MultiTenantApp.Web\Pages\Rules.razor(17,13): warning RZ10012: Found markup element with unexpected name 'MudTextField'. If this is intended to be a component, add a @using directive for its namespace. [C:\Users\eduardo.hipolito\Documents\MyProjects\MultiTenantApp\src\MultiTenantApp.Web\MultiTenantApp.Web.csproj]
C:\Users\eduardo.hipolito\Documents\MyProjects\MultiTenantApp\src\MultiTenantApp.Web\Pages\Rules.razor(17,40): error RZ9991: The attribute names could not be inferred from bind attribute 'bind-Value'. Bind attributes should be of the form 'bind' or 'bind-value' along with their corresponding optional parameters like 'bind-value:event', 'bind:format' etc. [C:\Users\eduardo.hipolito\Documents\MyProjects\MultiTenantApp\src\MultiTenantApp.Web\MultiTenantApp.Web.csproj]
C:\Users\eduardo.hipolito\Documents\MyProjects\MultiTenantApp\src\MultiTenantApp.Web\Pages\Rules.razor(22,9): warning RZ10012: Found markup element with unexpected name 'MudItem'. If this is intended to be a component, add a @using directive for its namespace. [C:\Users\eduardo.hipolito\Documents\MyProjects\MultiTenantApp\src\MultiTenantApp.Web\MultiTenantApp.Web.csproj]
C:\Users\eduardo.hipolito\Documents\MyProjects\MultiTenantApp\src\MultiTenantApp.Web\Pages\Rules.razor(23,13): warning RZ10012: Found markup element with unexpected name 'MudButton'. If this is intended to be a component, add a @using directive for its namespace. [C:\Users\eduardo.hipolito\Documents\MyProjects\MultiTenantApp\src\MultiTenantApp.Web\MultiTenantApp.Web.csproj]
C:\Users\eduardo.hipolito\Documents\MyProjects\MultiTenantApp\src\MultiTenantApp.Web\Pages\Rules.razor(34,1): warning RZ10012: Found markup element with unexpected name 'MudDataGrid'. If this is intended to be a component, add a @using directive for its namespace. [C:\Users\eduardo.hipolito\Documents\MyProjects\MultiTenantApp\src\MultiTenantApp.Web\MultiTenantApp.Web.csproj]
C:\Users\eduardo.hipolito\Documents\MyProjects\MultiTenantApp\src\MultiTenantApp.Web\Pages\Rules.razor(40,5): warning RZ10012: Found markup element with unexpected name 'Columns'. If this is intended to be a component, add a @using directive for its namespace. [C:\Users\eduardo.hipolito\Documents\MyProjects\MultiTenantApp\src\MultiTenantApp.Web\MultiTenantApp.Web.csproj]
C:\Users\eduardo.hipolito\Documents\MyProjects\MultiTenantApp\src\MultiTenantApp.Web\Pages\Rules.razor(41,9): warning RZ10012: Found markup element with unexpected name 'PropertyColumn'. If this is intended to be a component, add a @using directive for its namespace. [C:\Users\eduardo.hipolito\Documents\MyProjects\MultiTenantApp\src\MultiTenantApp.Web\MultiTenantApp.Web.csproj]
C:\Users\eduardo.hipolito\Documents\MyProjects\MultiTenantApp\src\MultiTenantApp.Web\Pages\Rules.razor(42,9): warning RZ10012: Found markup element with unexpected name 'TemplateColumn'. If this is intended to be a component, add a @using directive for its namespace. [C:\Users\eduardo.hipolito\Documents\MyProjects\MultiTenantApp\src\MultiTenantApp.Web\MultiTenantApp.Web.csproj]
C:\Users\eduardo.hipolito\Documents\MyProjects\MultiTenantApp\src\MultiTenantApp.Web\Pages\Rules.razor(43,13): warning RZ10012: Found markup element with unexpected name 'CellTemplate'. If this is intended to be a component, add a @using directive for its namespace. [C:\Users\eduardo.hipolito\Documents\MyProjects\MultiTenantApp\src\MultiTenantApp.Web\MultiTenantApp.Web.csproj]
C:\Users\eduardo.hipolito\Documents\MyProjects\MultiTenantApp\src\MultiTenantApp.Web\Pages\Rules.razor(44,17): warning RZ10012: Found markup element with unexpected name 'MudIconButton'. If this is intended to be a component, add a @using directive for its namespace. [C:\Users\eduardo.hipolito\Documents\MyProjects\MultiTenantApp\src\MultiTenantApp.Web\MultiTenantApp.Web.csproj]
C:\Users\eduardo.hipolito\Documents\MyProjects\MultiTenantApp\src\MultiTenantApp.Web\Pages\Rules.razor(51,5): warning RZ10012: Found markup element with unexpected name 'PagerContent'. If this is intended to be a component, add a @using directive for its namespace. [C:\Users\eduardo.hipolito\Documents\MyProjects\MultiTenantApp\src\MultiTenantApp.Web\MultiTenantApp.Web.csproj]
C:\Users\eduardo.hipolito\Documents\MyProjects\MultiTenantApp\src\MultiTenantApp.Web\Pages\Rules.razor(52,9): warning RZ10012: Found markup element with unexpected name 'MudDataGridPager'. If this is intended to be a component, add a @using directive for its namespace. [C:\Users\eduardo.hipolito\Documents\MyProjects\MultiTenantApp\src\MultiTenantApp.Web\MultiTenantApp.Web.csproj]
C:\Users\eduardo.hipolito\Documents\MyProjects\MultiTenantApp\src\MultiTenantApp.Web\Pages\Users.razor(12,1): warning RZ10012: Found markup element with unexpected name 'MudText'. If this is intended to be a component, add a @using directive for its namespace. [C:\Users\eduardo.hipolito\Documents\MyProjects\MultiTenantApp\src\MultiTenantApp.Web\MultiTenantApp.Web.csproj]
C:\Users\eduardo.hipolito\Documents\MyProjects\MultiTenantApp\src\MultiTenantApp.Web\Pages\Users.razor(14,1): warning RZ10012: Found markup element with unexpected name 'MudPaper'. If this is intended to be a component, add a @using directive for its namespace. [C:\Users\eduardo.hipolito\Documents\MyProjects\MultiTenantApp\src\MultiTenantApp.Web\MultiTenantApp.Web.csproj]
C:\Users\eduardo.hipolito\Documents\MyProjects\MultiTenantApp\src\MultiTenantApp.Web\Pages\Users.razor(15,5): warning RZ10012: Found markup element with unexpected name 'MudText'. If this is intended to be a component, add a @using directive for its namespace. [C:\Users\eduardo.hipolito\Documents\MyProjects\MultiTenantApp\src\MultiTenantApp.Web\MultiTenantApp.Web.csproj]
C:\Users\eduardo.hipolito\Documents\MyProjects\MultiTenantApp\src\MultiTenantApp.Web\Pages\Users.razor(16,5): warning RZ10012: Found markup element with unexpected name 'MudForm'. If this is intended to be a component, add a @using directive for its namespace. [C:\Users\eduardo.hipolito\Documents\MyProjects\MultiTenantApp\src\MultiTenantApp.Web\MultiTenantApp.Web.csproj]
C:\Users\eduardo.hipolito\Documents\MyProjects\MultiTenantApp\src\MultiTenantApp.Web\Pages\Users.razor(16,47): error RZ9991: The attribute names could not be inferred from bind attribute 'bind-IsValid'. Bind attributes should be of the form 'bind' or 'bind-value' along with their corresponding optional parameters like 'bind-value:event', 'bind:format' etc. [C:\Users\eduardo.hipolito\Documents\MyProjects\MultiTenantApp\src\MultiTenantApp.Web\MultiTenantApp.Web.csproj]
C:\Users\eduardo.hipolito\Documents\MyProjects\MultiTenantApp\src\MultiTenantApp.Web\Pages\Users.razor(17,9): warning RZ10012: Found markup element with unexpected name 'MudGrid'. If this is intended to be a component, add a @using directive for its namespace. [C:\Users\eduardo.hipolito\Documents\MyProjects\MultiTenantApp\src\MultiTenantApp.Web\MultiTenantApp.Web.csproj]
C:\Users\eduardo.hipolito\Documents\MyProjects\MultiTenantApp\src\MultiTenantApp.Web\Pages\Users.razor(18,13): warning RZ10012: Found markup element with unexpected name 'MudItem'. If this is intended to be a component, add a @using directive for its namespace. [C:\Users\eduardo.hipolito\Documents\MyProjects\MultiTenantApp\src\MultiTenantApp.Web\MultiTenantApp.Web.csproj]
C:\Users\eduardo.hipolito\Documents\MyProjects\MultiTenantApp\src\MultiTenantApp.Web\Pages\Users.razor(19,17): warning RZ10012: Found markup element with unexpected name 'MudTextField'. If this is intended to be a component, add a @using directive for its namespace. [C:\Users\eduardo.hipolito\Documents\MyProjects\MultiTenantApp\src\MultiTenantApp.Web\MultiTenantApp.Web.csproj]
C:\Users\eduardo.hipolito\Documents\MyProjects\MultiTenantApp\src\MultiTenantApp.Web\Pages\Users.razor(19,44): error RZ9991: The attribute names could not be inferred from bind attribute 'bind-Value'. Bind attributes should be of the form 'bind' or 'bind-value' along with their corresponding optional parameters like 'bind-value:event', 'bind:format' etc. [C:\Users\eduardo.hipolito\Documents\MyProjects\MultiTenantApp\src\MultiTenantApp.Web\MultiTenantApp.Web.csproj]
C:\Users\eduardo.hipolito\Documents\MyProjects\MultiTenantApp\src\MultiTenantApp.Web\Pages\Users.razor(25,13): warning RZ10012: Found markup element with unexpected name 'MudItem'. If this is intended to be a component, add a @using directive for its namespace. [C:\Users\eduardo.hipolito\Documents\MyProjects\MultiTenantApp\src\MultiTenantApp.Web\MultiTenantApp.Web.csproj]
C:\Users\eduardo.hipolito\Documents\MyProjects\MultiTenantApp\src\MultiTenantApp.Web\Pages\Users.razor(26,17): warning RZ10012: Found markup element with unexpected name 'MudTextField'. If this is intended to be a component, add a @using directive for its namespace. [C:\Users\eduardo.hipolito\Documents\MyProjects\MultiTenantApp\src\MultiTenantApp.Web\MultiTenantApp.Web.csproj]
C:\Users\eduardo.hipolito\Documents\MyProjects\MultiTenantApp\src\MultiTenantApp.Web\Pages\Users.razor(26,44): error RZ9991: The attribute names could not be inferred from bind attribute 'bind-Value'. Bind attributes should be of the form 'bind' or 'bind-value' along with their corresponding optional parameters like 'bind-value:event', 'bind:format' etc. [C:\Users\eduardo.hipolito\Documents\MyProjects\MultiTenantApp\src\MultiTenantApp.Web\MultiTenantApp.Web.csproj]
C:\Users\eduardo.hipolito\Documents\MyProjects\MultiTenantApp\src\MultiTenantApp.Web\Pages\Users.razor(33,13): warning RZ10012: Found markup element with unexpected name 'MudItem'. If this is intended to be a component, add a @using directive for its namespace. [C:\Users\eduardo.hipolito\Documents\MyProjects\MultiTenantApp\src\MultiTenantApp.Web\MultiTenantApp.Web.csproj]
C:\Users\eduardo.hipolito\Documents\MyProjects\MultiTenantApp\src\MultiTenantApp.Web\Pages\Users.razor(34,17): warning RZ10012: Found markup element with unexpected name 'MudTextField'. If this is intended to be a component, add a @using directive for its namespace. [C:\Users\eduardo.hipolito\Documents\MyProjects\MultiTenantApp\src\MultiTenantApp.Web\MultiTenantApp.Web.csproj]
C:\Users\eduardo.hipolito\Documents\MyProjects\MultiTenantApp\src\MultiTenantApp.Web\Pages\Users.razor(34,44): error RZ9991: The attribute names could not be inferred from bind attribute 'bind-Value'. Bind attributes should be of the form 'bind' or 'bind-value' along with their corresponding optional parameters like 'bind-value:event', 'bind:format' etc. [C:\Users\eduardo.hipolito\Documents\MyProjects\MultiTenantApp\src\MultiTenantApp.Web\MultiTenantApp.Web.csproj]
C:\Users\eduardo.hipolito\Documents\MyProjects\MultiTenantApp\src\MultiTenantApp.Web\Pages\Users.razor(40,13): warning RZ10012: Found markup element with unexpected name 'MudItem'. If this is intended to be a component, add a @using directive for its namespace. [C:\Users\eduardo.hipolito\Documents\MyProjects\MultiTenantApp\src\MultiTenantApp.Web\MultiTenantApp.Web.csproj]
C:\Users\eduardo.hipolito\Documents\MyProjects\MultiTenantApp\src\MultiTenantApp.Web\Pages\Users.razor(41,17): warning RZ10012: Found markup element with unexpected name 'ServerSelect'. If this is intended to be a component, add a @using directive for its namespace. [C:\Users\eduardo.hipolito\Documents\MyProjects\MultiTenantApp\src\MultiTenantApp.Web\MultiTenantApp.Web.csproj]
C:\Users\eduardo.hipolito\Documents\MyProjects\MultiTenantApp\src\MultiTenantApp.Web\Pages\Users.razor(43,43): error RZ9991: The attribute names could not be inferred from bind attribute 'bind-Value'. Bind attributes should be of the form 'bind' or 'bind-value' along with their corresponding optional parameters like 'bind-value:event', 'bind:format' etc. [C:\Users\eduardo.hipolito\Documents\MyProjects\MultiTenantApp\src\MultiTenantApp.Web\MultiTenantApp.Web.csproj]
C:\Users\eduardo.hipolito\Documents\MyProjects\MultiTenantApp\src\MultiTenantApp.Web\Pages\Users.razor(52,13): warning RZ10012: Found markup element with unexpected name 'MudItem'. If this is intended to be a component, add a @using directive for its namespace. [C:\Users\eduardo.hipolito\Documents\MyProjects\MultiTenantApp\src\MultiTenantApp.Web\MultiTenantApp.Web.csproj]
C:\Users\eduardo.hipolito\Documents\MyProjects\MultiTenantApp\src\MultiTenantApp.Web\Pages\Users.razor(53,17): warning RZ10012: Found markup element with unexpected name 'MudButton'. If this is intended to be a component, add a @using directive for its namespace. [C:\Users\eduardo.hipolito\Documents\MyProjects\MultiTenantApp\src\MultiTenantApp.Web\MultiTenantApp.Web.csproj]
C:\Users\eduardo.hipolito\Documents\MyProjects\MultiTenantApp\src\MultiTenantApp.Web\Pages\Users.razor(64,1): warning RZ10012: Found markup element with unexpected name 'MudDataGrid'. If this is intended to be a component, add a @using directive for its namespace. [C:\Users\eduardo.hipolito\Documents\MyProjects\MultiTenantApp\src\MultiTenantApp.Web\MultiTenantApp.Web.csproj]
C:\Users\eduardo.hipolito\Documents\MyProjects\MultiTenantApp\src\MultiTenantApp.Web\Pages\Users.razor(70,5): warning RZ10012: Found markup element with unexpected name 'Columns'. If this is intended to be a component, add a @using directive for its namespace. [C:\Users\eduardo.hipolito\Documents\MyProjects\MultiTenantApp\src\MultiTenantApp.Web\MultiTenantApp.Web.csproj]
C:\Users\eduardo.hipolito\Documents\MyProjects\MultiTenantApp\src\MultiTenantApp.Web\Pages\Users.razor(71,9): warning RZ10012: Found markup element with unexpected name 'PropertyColumn'. If this is intended to be a component, add a @using directive for its namespace. [C:\Users\eduardo.hipolito\Documents\MyProjects\MultiTenantApp\src\MultiTenantApp.Web\MultiTenantApp.Web.csproj]
C:\Users\eduardo.hipolito\Documents\MyProjects\MultiTenantApp\src\MultiTenantApp.Web\Pages\Users.razor(72,9): warning RZ10012: Found markup element with unexpected name 'PropertyColumn'. If this is intended to be a component, add a @using directive for its namespace. [C:\Users\eduardo.hipolito\Documents\MyProjects\MultiTenantApp\src\MultiTenantApp.Web\MultiTenantApp.Web.csproj]
C:\Users\eduardo.hipolito\Documents\MyProjects\MultiTenantApp\src\MultiTenantApp.Web\Pages\Users.razor(73,9): warning RZ10012: Found markup element with unexpected name 'TemplateColumn'. If this is intended to be a component, add a @using directive for its namespace. [C:\Users\eduardo.hipolito\Documents\MyProjects\MultiTenantApp\src\MultiTenantApp.Web\MultiTenantApp.Web.csproj]
C:\Users\eduardo.hipolito\Documents\MyProjects\MultiTenantApp\src\MultiTenantApp.Web\Pages\Users.razor(74,13): warning RZ10012: Found markup element with unexpected name 'CellTemplate'. If this is intended to be a component, add a @using directive for its namespace. [C:\Users\eduardo.hipolito\Documents\MyProjects\MultiTenantApp\src\MultiTenantApp.Web\MultiTenantApp.Web.csproj]
C:\Users\eduardo.hipolito\Documents\MyProjects\MultiTenantApp\src\MultiTenantApp.Web\Pages\Users.razor(75,17): warning RZ10012: Found markup element with unexpected name 'MudIconButton'. If this is intended to be a component, add a @using directive for its namespace. [C:\Users\eduardo.hipolito\Documents\MyProjects\MultiTenantApp\src\MultiTenantApp.Web\MultiTenantApp.Web.csproj]
C:\Users\eduardo.hipolito\Documents\MyProjects\MultiTenantApp\src\MultiTenantApp.Web\Pages\Users.razor(82,5): warning RZ10012: Found markup element with unexpected name 'PagerContent'. If this is intended to be a component, add a @using directive for its namespace. [C:\Users\eduardo.hipolito\Documents\MyProjects\MultiTenantApp\src\MultiTenantApp.Web\MultiTenantApp.Web.csproj]
C:\Users\eduardo.hipolito\Documents\MyProjects\MultiTenantApp\src\MultiTenantApp.Web\Pages\Users.razor(83,9): warning RZ10012: Found markup element with unexpected name 'MudDataGridPager'. If this is intended to be a component, add a @using directive for its namespace. [C:\Users\eduardo.hipolito\Documents\MyProjects\MultiTenantApp\src\MultiTenantApp.Web\MultiTenantApp.Web.csproj]
C:\Users\eduardo.hipolito\Documents\MyProjects\MultiTenantApp\src\MultiTenantApp.Web\Shared\MainLayout.razor(5,1): warning RZ10012: Found markup element with unexpected name 'MudLayout'. If this is intended to be a component, add a @using directive for its namespace. [C:\Users\eduardo.hipolito\Documents\MyProjects\MultiTenantApp\src\MultiTenantApp.Web\MultiTenantApp.Web.csproj]
C:\Users\eduardo.hipolito\Documents\MyProjects\MultiTenantApp\src\MultiTenantApp.Web\Shared\MainLayout.razor(6,5): warning RZ10012: Found markup element with unexpected name 'MudAppBar'. If this is intended to be a component, add a @using directive for its namespace. [C:\Users\eduardo.hipolito\Documents\MyProjects\MultiTenantApp\src\MultiTenantApp.Web\MultiTenantApp.Web.csproj]
C:\Users\eduardo.hipolito\Documents\MyProjects\MultiTenantApp\src\MultiTenantApp.Web\Shared\MainLayout.razor(7,9): warning RZ10012: Found markup element with unexpected name 'MudIconButton'. If this is intended to be a component, add a @using directive for its namespace. [C:\Users\eduardo.hipolito\Documents\MyProjects\MultiTenantApp\src\MultiTenantApp.Web\MultiTenantApp.Web.csproj]
C:\Users\eduardo.hipolito\Documents\MyProjects\MultiTenantApp\src\MultiTenantApp.Web\Shared\MainLayout.razor(8,9): warning RZ10012: Found markup element with unexpected name 'MudText'. If this is intended to be a component, add a @using directive for its namespace. [C:\Users\eduardo.hipolito\Documents\MyProjects\MultiTenantApp\src\MultiTenantApp.Web\MultiTenantApp.Web.csproj]
C:\Users\eduardo.hipolito\Documents\MyProjects\MultiTenantApp\src\MultiTenantApp.Web\Shared\MainLayout.razor(9,9): warning RZ10012: Found markup element with unexpected name 'MudSpacer'. If this is intended to be a component, add a @using directive for its namespace. [C:\Users\eduardo.hipolito\Documents\MyProjects\MultiTenantApp\src\MultiTenantApp.Web\MultiTenantApp.Web.csproj]
C:\Users\eduardo.hipolito\Documents\MyProjects\MultiTenantApp\src\MultiTenantApp.Web\Shared\MainLayout.razor(12,17): warning RZ10012: Found markup element with unexpected name 'MudText'. If this is intended to be a component, add a @using directive for its namespace. [C:\Users\eduardo.hipolito\Documents\MyProjects\MultiTenantApp\src\MultiTenantApp.Web\MultiTenantApp.Web.csproj]
C:\Users\eduardo.hipolito\Documents\MyProjects\MultiTenantApp\src\MultiTenantApp.Web\Shared\MainLayout.razor(13,17): warning RZ10012: Found markup element with unexpected name 'MudButton'. If this is intended to be a component, add a @using directive for its namespace. [C:\Users\eduardo.hipolito\Documents\MyProjects\MultiTenantApp\src\MultiTenantApp.Web\MultiTenantApp.Web.csproj]
C:\Users\eduardo.hipolito\Documents\MyProjects\MultiTenantApp\src\MultiTenantApp.Web\Shared\MainLayout.razor(16,17): warning RZ10012: Found markup element with unexpected name 'MudButton'. If this is intended to be a component, add a @using directive for its namespace. [C:\Users\eduardo.hipolito\Documents\MyProjects\MultiTenantApp\src\MultiTenantApp.Web\MultiTenantApp.Web.csproj]
C:\Users\eduardo.hipolito\Documents\MyProjects\MultiTenantApp\src\MultiTenantApp.Web\Shared\MainLayout.razor(21,5): warning RZ10012: Found markup element with unexpected name 'MudDrawer'. If this is intended to be a component, add a @using directive for its namespace. [C:\Users\eduardo.hipolito\Documents\MyProjects\MultiTenantApp\src\MultiTenantApp.Web\MultiTenantApp.Web.csproj]
C:\Users\eduardo.hipolito\Documents\MyProjects\MultiTenantApp\src\MultiTenantApp.Web\Shared\MainLayout.razor(21,28): error RZ9991: The attribute names could not be inferred from bind attribute 'bind-Open'. Bind attributes should be of the form 'bind' or 'bind-value' along with their corresponding optional parameters like 'bind-value:event', 'bind:format' etc. [C:\Users\eduardo.hipolito\Documents\MyProjects\MultiTenantApp\src\MultiTenantApp.Web\MultiTenantApp.Web.csproj]
C:\Users\eduardo.hipolito\Documents\MyProjects\MultiTenantApp\src\MultiTenantApp.Web\Shared\MainLayout.razor(25,5): warning RZ10012: Found markup element with unexpected name 'MudMainContent'. If this is intended to be a component, add a @using directive for its namespace. [C:\Users\eduardo.hipolito\Documents\MyProjects\MultiTenantApp\src\MultiTenantApp.Web\MultiTenantApp.Web.csproj]
C:\Users\eduardo.hipolito\Documents\MyProjects\MultiTenantApp\src\MultiTenantApp.Web\Shared\MainLayout.razor(26,9): warning RZ10012: Found markup element with unexpected name 'MudContainer'. If this is intended to be a component, add a @using directive for its namespace. [C:\Users\eduardo.hipolito\Documents\MyProjects\MultiTenantApp\src\MultiTenantApp.Web\MultiTenantApp.Web.csproj]
C:\Users\eduardo.hipolito\Documents\MyProjects\MultiTenantApp\src\MultiTenantApp.Web\Shared\NavMenu.razor(3,9): warning RZ10012: Found markup element with unexpected name 'MudNavMenu'. If this is intended to be a component, add a @using directive for its namespace. [C:\Users\eduardo.hipolito\Documents\MyProjects\MultiTenantApp\src\MultiTenantApp.Web\MultiTenantApp.Web.csproj]
C:\Users\eduardo.hipolito\Documents\MyProjects\MultiTenantApp\src\MultiTenantApp.Web\Shared\NavMenu.razor(4,13): warning RZ10012: Found markup element with unexpected name 'MudNavLink'. If this is intended to be a component, add a @using directive for its namespace. [C:\Users\eduardo.hipolito\Documents\MyProjects\MultiTenantApp\src\MultiTenantApp.Web\MultiTenantApp.Web.csproj]
C:\Users\eduardo.hipolito\Documents\MyProjects\MultiTenantApp\src\MultiTenantApp.Web\Shared\NavMenu.razor(5,13): warning RZ10012: Found markup element with unexpected name 'MudNavLink'. If this is intended to be a component, add a @using directive for its namespace. [C:\Users\eduardo.hipolito\Documents\MyProjects\MultiTenantApp\src\MultiTenantApp.Web\MultiTenantApp.Web.csproj]
C:\Users\eduardo.hipolito\Documents\MyProjects\MultiTenantApp\src\MultiTenantApp.Web\Shared\NavMenu.razor(6,13): warning RZ10012: Found markup element with unexpected name 'MudNavLink'. If this is intended to be a component, add a @using directive for its namespace. [C:\Users\eduardo.hipolito\Documents\MyProjects\MultiTenantApp\src\MultiTenantApp.Web\MultiTenantApp.Web.csproj]
C:\Users\eduardo.hipolito\Documents\MyProjects\MultiTenantApp\src\MultiTenantApp.Web\Shared\NavMenu.razor(7,13): warning RZ10012: Found markup element with unexpected name 'MudNavLink'. If this is intended to be a component, add a @using directive for its namespace. [C:\Users\eduardo.hipolito\Documents\MyProjects\MultiTenantApp\src\MultiTenantApp.Web\MultiTenantApp.Web.csproj]
C:\Users\eduardo.hipolito\Documents\MyProjects\MultiTenantApp\src\MultiTenantApp.Web\Program.cs(7,7): error CS0246: The type or namespace name 'MudBlazor' could not be found (are you missing a using directive or an assembly reference?) [C:\Users\eduardo.hipolito\Documents\MyProjects\MultiTenantApp\src\MultiTenantApp.Web\MultiTenantApp.Web.csproj]
C:\Users\eduardo.hipolito\Documents\MyProjects\MultiTenantApp\src\MultiTenantApp.Web\_Imports.razor(13,8): error CS0246: The type or namespace name 'MudBlazor' could not be found (are you missing a using directive or an assembly reference?) [C:\Users\eduardo.hipolito\Documents\MyProjects\MultiTenantApp\src\MultiTenantApp.Web\MultiTenantApp.Web.csproj]
C:\Users\eduardo.hipolito\Documents\MyProjects\MultiTenantApp\src\MultiTenantApp.Web\_Imports.razor(13,8): error CS0246: The type or namespace name 'MudBlazor' could not be found (are you missing a using directive or an assembly reference?) [C:\Users\eduardo.hipolito\Documents\MyProjects\MultiTenantApp\src\MultiTenantApp.Web\MultiTenantApp.Web.csproj]
C:\Users\eduardo.hipolito\Documents\MyProjects\MultiTenantApp\src\MultiTenantApp.Web\_Imports.razor(13,8): error CS0246: The type or namespace name 'MudBlazor' could not be found (are you missing a using directive or an assembly reference?) [C:\Users\eduardo.hipolito\Documents\MyProjects\MultiTenantApp\src\MultiTenantApp.Web\MultiTenantApp.Web.csproj]
C:\Users\eduardo.hipolito\Documents\MyProjects\MultiTenantApp\src\MultiTenantApp.Web\_Imports.razor(13,8): error CS0246: The type or namespace name 'MudBlazor' could not be found (are you missing a using directive or an assembly reference?) [C:\Users\eduardo.hipolito\Documents\MyProjects\MultiTenantApp\src\MultiTenantApp.Web\MultiTenantApp.Web.csproj]
C:\Users\eduardo.hipolito\Documents\MyProjects\MultiTenantApp\src\MultiTenantApp.Web\_Imports.razor(13,8): error CS0246: The type or namespace name 'MudBlazor' could not be found (are you missing a using directive or an assembly reference?) [C:\Users\eduardo.hipolito\Documents\MyProjects\MultiTenantApp\src\MultiTenantApp.Web\MultiTenantApp.Web.csproj]
C:\Users\eduardo.hipolito\Documents\MyProjects\MultiTenantApp\src\MultiTenantApp.Web\_Imports.razor(13,8): error CS0246: The type or namespace name 'MudBlazor' could not be found (are you missing a using directive or an assembly reference?) [C:\Users\eduardo.hipolito\Documents\MyProjects\MultiTenantApp\src\MultiTenantApp.Web\MultiTenantApp.Web.csproj]
C:\Users\eduardo.hipolito\Documents\MyProjects\MultiTenantApp\src\MultiTenantApp.Web\_Imports.razor(13,8): error CS0246: The type or namespace name 'MudBlazor' could not be found (are you missing a using directive or an assembly reference?) [C:\Users\eduardo.hipolito\Documents\MyProjects\MultiTenantApp\src\MultiTenantApp.Web\MultiTenantApp.Web.csproj]
C:\Users\eduardo.hipolito\Documents\MyProjects\MultiTenantApp\src\MultiTenantApp.Web\Services\IUserService.cs(10,52): error CS0246: The type or namespace name 'PagedRequest' could not be found (are you missing a using directive or an assembly reference?) [C:\Users\eduardo.hipolito\Documents\MyProjects\MultiTenantApp\src\MultiTenantApp.Web\MultiTenantApp.Web.csproj]
C:\Users\eduardo.hipolito\Documents\MyProjects\MultiTenantApp\src\MultiTenantApp.Web\Services\IUserService.cs(10,14): error CS0246: The type or namespace name 'PagedResponse<>' could not be found (are you missing a using directive or an assembly reference?) [C:\Users\eduardo.hipolito\Documents\MyProjects\MultiTenantApp\src\MultiTenantApp.Web\MultiTenantApp.Web.csproj]
C:\Users\eduardo.hipolito\Documents\MyProjects\MultiTenantApp\src\MultiTenantApp.Web\Services\IRuleService.cs(10,52): error CS0246: The type or namespace name 'PagedRequest' could not be found (are you missing a using directive or an assembly reference?) [C:\Users\eduardo.hipolito\Documents\MyProjects\MultiTenantApp\src\MultiTenantApp.Web\MultiTenantApp.Web.csproj]
C:\Users\eduardo.hipolito\Documents\MyProjects\MultiTenantApp\src\MultiTenantApp.Web\Services\IRuleService.cs(10,14): error CS0246: The type or namespace name 'PagedResponse<>' could not be found (are you missing a using directive or an assembly reference?) [C:\Users\eduardo.hipolito\Documents\MyProjects\MultiTenantApp\src\MultiTenantApp.Web\MultiTenantApp.Web.csproj]
C:\Users\eduardo.hipolito\Documents\MyProjects\MultiTenantApp\src\MultiTenantApp.Web\_Imports.razor(13,8): error CS0246: The type or namespace name 'MudBlazor' could not be found (are you missing a using directive or an assembly reference?) [C:\Users\eduardo.hipolito\Documents\MyProjects\MultiTenantApp\src\MultiTenantApp.Web\MultiTenantApp.Web.csproj]
C:\Users\eduardo.hipolito\Documents\MyProjects\MultiTenantApp\src\MultiTenantApp.Web\Services\ProductService.cs(41,68): error CS0246: The type or namespace name 'PagedRequest' could not be found (are you missing a using directive or an assembly reference?) [C:\Users\eduardo.hipolito\Documents\MyProjects\MultiTenantApp\src\MultiTenantApp.Web\MultiTenantApp.Web.csproj]
C:\Users\eduardo.hipolito\Documents\MyProjects\MultiTenantApp\src\MultiTenantApp.Web\Services\ProductService.cs(41,27): error CS0246: The type or namespace name 'PagedResponse<>' could not be found (are you missing a using directive or an assembly reference?) [C:\Users\eduardo.hipolito\Documents\MyProjects\MultiTenantApp\src\MultiTenantApp.Web\MultiTenantApp.Web.csproj]
C:\Users\eduardo.hipolito\Documents\MyProjects\MultiTenantApp\src\MultiTenantApp.Web\_Imports.razor(13,8): error CS0246: The type or namespace name 'MudBlazor' could not be found (are you missing a using directive or an assembly reference?) [C:\Users\eduardo.hipolito\Documents\MyProjects\MultiTenantApp\src\MultiTenantApp.Web\MultiTenantApp.Web.csproj]
C:\Users\eduardo.hipolito\Documents\MyProjects\MultiTenantApp\src\MultiTenantApp.Web\Services\IProductService.cs(14,55): error CS0246: The type or namespace name 'PagedRequest' could not be found (are you missing a using directive or an assembly reference?) [C:\Users\eduardo.hipolito\Documents\MyProjects\MultiTenantApp\src\MultiTenantApp.Web\MultiTenantApp.Web.csproj]
C:\Users\eduardo.hipolito\Documents\MyProjects\MultiTenantApp\src\MultiTenantApp.Web\Services\IProductService.cs(14,14): error CS0246: The type or namespace name 'PagedResponse<>' could not be found (are you missing a using directive or an assembly reference?) [C:\Users\eduardo.hipolito\Documents\MyProjects\MultiTenantApp\src\MultiTenantApp.Web\MultiTenantApp.Web.csproj]
C:\Users\eduardo.hipolito\Documents\MyProjects\MultiTenantApp\src\MultiTenantApp.Web\Services\RuleService.cs(23,65): error CS0246: The type or namespace name 'PagedRequest' could not be found (are you missing a using directive or an assembly reference?) [C:\Users\eduardo.hipolito\Documents\MyProjects\MultiTenantApp\src\MultiTenantApp.Web\MultiTenantApp.Web.csproj]
C:\Users\eduardo.hipolito\Documents\MyProjects\MultiTenantApp\src\MultiTenantApp.Web\Services\RuleService.cs(23,27): error CS0246: The type or namespace name 'PagedResponse<>' could not be found (are you missing a using directive or an assembly reference?) [C:\Users\eduardo.hipolito\Documents\MyProjects\MultiTenantApp\src\MultiTenantApp.Web\MultiTenantApp.Web.csproj]
C:\Users\eduardo.hipolito\Documents\MyProjects\MultiTenantApp\src\MultiTenantApp.Web\Services\UserService.cs(23,65): error CS0246: The type or namespace name 'PagedRequest' could not be found (are you missing a using directive or an assembly reference?) [C:\Users\eduardo.hipolito\Documents\MyProjects\MultiTenantApp\src\MultiTenantApp.Web\MultiTenantApp.Web.csproj]
C:\Users\eduardo.hipolito\Documents\MyProjects\MultiTenantApp\src\MultiTenantApp.Web\Services\UserService.cs(23,27): error CS0246: The type or namespace name 'PagedResponse<>' could not be found (are you missing a using directive or an assembly reference?) [C:\Users\eduardo.hipolito\Documents\MyProjects\MultiTenantApp\src\MultiTenantApp.Web\MultiTenantApp.Web.csproj]
C:\Users\eduardo.hipolito\Documents\MyProjects\MultiTenantApp\src\MultiTenantApp.Web\_Imports.razor(13,8): error CS0246: The type or namespace name 'MudBlazor' could not be found (are you missing a using directive or an assembly reference?) [C:\Users\eduardo.hipolito\Documents\MyProjects\MultiTenantApp\src\MultiTenantApp.Web\MultiTenantApp.Web.csproj]
C:\Users\eduardo.hipolito\Documents\MyProjects\MultiTenantApp\src\MultiTenantApp.Web\_Imports.razor(13,8): error CS0246: The type or namespace name 'MudBlazor' could not be found (are you missing a using directive or an assembly reference?) [C:\Users\eduardo.hipolito\Documents\MyProjects\MultiTenantApp\src\MultiTenantApp.Web\MultiTenantApp.Web.csproj]
C:\Users\eduardo.hipolito\Documents\MyProjects\MultiTenantApp\src\MultiTenantApp.Web\_Imports.razor(13,8): error CS0246: The type or namespace name 'MudBlazor' could not be found (are you missing a using directive or an assembly reference?) [C:\Users\eduardo.hipolito\Documents\MyProjects\MultiTenantApp\src\MultiTenantApp.Web\MultiTenantApp.Web.csproj]
C:\Users\eduardo.hipolito\Documents\MyProjects\MultiTenantApp\src\MultiTenantApp.Web\_Imports.razor(13,8): error CS0246: The type or namespace name 'MudBlazor' could not be found (are you missing a using directive or an assembly reference?) [C:\Users\eduardo.hipolito\Documents\MyProjects\MultiTenantApp\src\MultiTenantApp.Web\MultiTenantApp.Web.csproj]
C:\Users\eduardo.hipolito\Documents\MyProjects\MultiTenantApp\src\MultiTenantApp.Web\_Imports.razor(13,8): error CS0246: The type or namespace name 'MudBlazor' could not be found (are you missing a using directive or an assembly reference?) [C:\Users\eduardo.hipolito\Documents\MyProjects\MultiTenantApp\src\MultiTenantApp.Web\MultiTenantApp.Web.csproj]
C:\Users\eduardo.hipolito\Documents\MyProjects\MultiTenantApp\src\MultiTenantApp.Web\_Imports.razor(13,8): error CS0246: The type or namespace name 'MudBlazor' could not be found (are you missing a using directive or an assembly reference?) [C:\Users\eduardo.hipolito\Documents\MyProjects\MultiTenantApp\src\MultiTenantApp.Web\MultiTenantApp.Web.csproj]
C:\Users\eduardo.hipolito\Documents\MyProjects\MultiTenantApp\src\MultiTenantApp.Web\Pages\Rules.razor(60,58): error CS0246: The type or namespace name 'GridState<>' could not be found (are you missing a using directive or an assembly reference?) [C:\Users\eduardo.hipolito\Documents\MyProjects\MultiTenantApp\src\MultiTenantApp.Web\MultiTenantApp.Web.csproj]
C:\Users\eduardo.hipolito\Documents\MyProjects\MultiTenantApp\src\MultiTenantApp.Web\Pages\Rules.razor(60,24): error CS0246: The type or namespace name 'GridData<>' could not be found (are you missing a using directive or an assembly reference?) [C:\Users\eduardo.hipolito\Documents\MyProjects\MultiTenantApp\src\MultiTenantApp.Web\MultiTenantApp.Web.csproj]
C:\Users\eduardo.hipolito\Documents\MyProjects\MultiTenantApp\src\MultiTenantApp.Web\Pages\ProductCreateDialog.razor(39,26): error CS0246: The type or namespace name 'MudDialogInstance' could not be found (are you missing a using directive or an assembly reference?) [C:\Users\eduardo.hipolito\Documents\MyProjects\MultiTenantApp\src\MultiTenantApp.Web\MultiTenantApp.Web.csproj]
C:\Users\eduardo.hipolito\Documents\MyProjects\MultiTenantApp\src\MultiTenantApp.Web\Pages\Login.razor(5,9): error CS0246: The type or namespace name 'ITenantService' could not be found (are you missing a using directive or an assembly reference?) [C:\Users\eduardo.hipolito\Documents\MyProjects\MultiTenantApp\src\MultiTenantApp.Web\MultiTenantApp.Web.csproj]
C:\Users\eduardo.hipolito\Documents\MyProjects\MultiTenantApp\src\MultiTenantApp.Web\Pages\Products.razor(44,61): error CS0246: The type or namespace name 'GridState<>' could not be found (are you missing a using directive or an assembly reference?) [C:\Users\eduardo.hipolito\Documents\MyProjects\MultiTenantApp\src\MultiTenantApp.Web\MultiTenantApp.Web.csproj]
C:\Users\eduardo.hipolito\Documents\MyProjects\MultiTenantApp\src\MultiTenantApp.Web\Pages\Products.razor(44,24): error CS0246: The type or namespace name 'GridData<>' could not be found (are you missing a using directive or an assembly reference?) [C:\Users\eduardo.hipolito\Documents\MyProjects\MultiTenantApp\src\MultiTenantApp.Web\MultiTenantApp.Web.csproj]
C:\Users\eduardo.hipolito\Documents\MyProjects\MultiTenantApp\src\MultiTenantApp.Web\Pages\Rules.razor(9,9): error CS0246: The type or namespace name 'ISnackbar' could not be found (are you missing a using directive or an assembly reference?) [C:\Users\eduardo.hipolito\Documents\MyProjects\MultiTenantApp\src\MultiTenantApp.Web\MultiTenantApp.Web.csproj]
C:\Users\eduardo.hipolito\Documents\MyProjects\MultiTenantApp\src\MultiTenantApp.Web\Pages\Register.razor(64,13): error CS0246: The type or namespace name 'MudForm' could not be found (are you missing a using directive or an assembly reference?) [C:\Users\eduardo.hipolito\Documents\MyProjects\MultiTenantApp\src\MultiTenantApp.Web\MultiTenantApp.Web.csproj]
C:\Users\eduardo.hipolito\Documents\MyProjects\MultiTenantApp\src\MultiTenantApp.Web\Pages\Products.razor(5,9): error CS0246: The type or namespace name 'ISnackbar' could not be found (are you missing a using directive or an assembly reference?) [C:\Users\eduardo.hipolito\Documents\MyProjects\MultiTenantApp\src\MultiTenantApp.Web\MultiTenantApp.Web.csproj]
C:\Users\eduardo.hipolito\Documents\MyProjects\MultiTenantApp\src\MultiTenantApp.Web\Pages\ProductCreateDialog.razor(3,9): error CS0246: The type or namespace name 'IDialogService' could not be found (are you missing a using directive or an assembly reference?) [C:\Users\eduardo.hipolito\Documents\MyProjects\MultiTenantApp\src\MultiTenantApp.Web\MultiTenantApp.Web.csproj]
C:\Users\eduardo.hipolito\Documents\MyProjects\MultiTenantApp\src\MultiTenantApp.Web\Pages\Rules.razor(57,13): error CS0246: The type or namespace name 'MudDataGrid<>' could not be found (are you missing a using directive or an assembly reference?) [C:\Users\eduardo.hipolito\Documents\MyProjects\MultiTenantApp\src\MultiTenantApp.Web\MultiTenantApp.Web.csproj]
C:\Users\eduardo.hipolito\Documents\MyProjects\MultiTenantApp\src\MultiTenantApp.Web\Pages\Users.razor(93,58): error CS0246: The type or namespace name 'GridState<>' could not be found (are you missing a using directive or an assembly reference?) [C:\Users\eduardo.hipolito\Documents\MyProjects\MultiTenantApp\src\MultiTenantApp.Web\MultiTenantApp.Web.csproj]
C:\Users\eduardo.hipolito\Documents\MyProjects\MultiTenantApp\src\MultiTenantApp.Web\Pages\Users.razor(93,24): error CS0246: The type or namespace name 'GridData<>' could not be found (are you missing a using directive or an assembly reference?) [C:\Users\eduardo.hipolito\Documents\MyProjects\MultiTenantApp\src\MultiTenantApp.Web\MultiTenantApp.Web.csproj]
C:\Users\eduardo.hipolito\Documents\MyProjects\MultiTenantApp\src\MultiTenantApp.Web\Pages\ProductCreateDialog.razor(2,9): error CS0246: The type or namespace name 'ISnackbar' could not be found (are you missing a using directive or an assembly reference?) [C:\Users\eduardo.hipolito\Documents\MyProjects\MultiTenantApp\src\MultiTenantApp.Web\MultiTenantApp.Web.csproj]
C:\Users\eduardo.hipolito\Documents\MyProjects\MultiTenantApp\src\MultiTenantApp.Web\Pages\Login.razor(60,13): error CS0246: The type or namespace name 'MudForm' could not be found (are you missing a using directive or an assembly reference?) [C:\Users\eduardo.hipolito\Documents\MyProjects\MultiTenantApp\src\MultiTenantApp.Web\MultiTenantApp.Web.csproj]
C:\Users\eduardo.hipolito\Documents\MyProjects\MultiTenantApp\src\MultiTenantApp.Web\Pages\Users.razor(9,9): error CS0246: The type or namespace name 'ISnackbar' could not be found (are you missing a using directive or an assembly reference?) [C:\Users\eduardo.hipolito\Documents\MyProjects\MultiTenantApp\src\MultiTenantApp.Web\MultiTenantApp.Web.csproj]
C:\Users\eduardo.hipolito\Documents\MyProjects\MultiTenantApp\src\MultiTenantApp.Web\Pages\ProductCreateDialog.razor(41,13): error CS0246: The type or namespace name 'MudForm' could not be found (are you missing a using directive or an assembly reference?) [C:\Users\eduardo.hipolito\Documents\MyProjects\MultiTenantApp\src\MultiTenantApp.Web\MultiTenantApp.Web.csproj]
C:\Users\eduardo.hipolito\Documents\MyProjects\MultiTenantApp\src\MultiTenantApp.Web\Pages\Users.razor(88,13): error CS0246: The type or namespace name 'MudForm' could not be found (are you missing a using directive or an assembly reference?) [C:\Users\eduardo.hipolito\Documents\MyProjects\MultiTenantApp\src\MultiTenantApp.Web\MultiTenantApp.Web.csproj]
C:\Users\eduardo.hipolito\Documents\MyProjects\MultiTenantApp\src\MultiTenantApp.Web\Pages\Products.razor(4,9): error CS0246: The type or namespace name 'IDialogService' could not be found (are you missing a using directive or an assembly reference?) [C:\Users\eduardo.hipolito\Documents\MyProjects\MultiTenantApp\src\MultiTenantApp.Web\MultiTenantApp.Web.csproj]
C:\Users\eduardo.hipolito\Documents\MyProjects\MultiTenantApp\src\MultiTenantApp.Web\Pages\Users.razor(90,13): error CS0246: The type or namespace name 'MudDataGrid<>' could not be found (are you missing a using directive or an assembly reference?) [C:\Users\eduardo.hipolito\Documents\MyProjects\MultiTenantApp\src\MultiTenantApp.Web\MultiTenantApp.Web.csproj]
C:\Users\eduardo.hipolito\Documents\MyProjects\MultiTenantApp\src\MultiTenantApp.Web\Pages\Products.razor(42,13): error CS0246: The type or namespace name 'MudDataGrid<>' could not be found (are you missing a using directive or an assembly reference?) [C:\Users\eduardo.hipolito\Documents\MyProjects\MultiTenantApp\src\MultiTenantApp.Web\MultiTenantApp.Web.csproj]

Build FAILED.

C:\Program Files\dotnet\sdk\9.0.201\NuGet.targets(175,5): warning : No Authorization header detected [C:\Users\eduardo.hipolito\Documents\MyProjects\MultiTenantApp\src\MultiTenantApp.Web\MultiTenantApp.Web.csproj]
C:\Users\eduardo.hipolito\Documents\MyProjects\MultiTenantApp\src\MultiTenantApp.Application\MultiTenantApp.Application.csproj : warning Undefined: No Authorization header detected
C:\Users\eduardo.hipolito\Documents\MyProjects\MultiTenantApp\src\MultiTenantApp.Web\App.razor(1,1): warning RZ10012: Found markup element with unexpected name 'MudThemeProvider'. If this is intended to be a component, add a @using directive for its namespace. [C:\Users\eduardo.hipolito\Documents\MyProjects\MultiTenantApp\src\MultiTenantApp.Web\MultiTenantApp.Web.csproj]
C:\Users\eduardo.hipolito\Documents\MyProjects\MultiTenantApp\src\MultiTenantApp.Web\App.razor(2,1): warning RZ10012: Found markup element with unexpected name 'MudDialogProvider'. If this is intended to be a component, add a @using directive for its namespace. [C:\Users\eduardo.hipolito\Documents\MyProjects\MultiTenantApp\src\MultiTenantApp.Web\MultiTenantApp.Web.csproj]
C:\Users\eduardo.hipolito\Documents\MyProjects\MultiTenantApp\src\MultiTenantApp.Web\App.razor(3,1): warning RZ10012: Found markup element with unexpected name 'MudSnackbarProvider'. If this is intended to be a component, add a @using directive for its namespace. [C:\Users\eduardo.hipolito\Documents\MyProjects\MultiTenantApp\src\MultiTenantApp.Web\MultiTenantApp.Web.csproj]
C:\Users\eduardo.hipolito\Documents\MyProjects\MultiTenantApp\src\MultiTenantApp.Web\Pages\Login.razor(10,1): warning RZ10012: Found markup element with unexpected name 'MudContainer'. If this is intended to be a component, add a @using directive for its namespace. [C:\Users\eduardo.hipolito\Documents\MyProjects\MultiTenantApp\src\MultiTenantApp.Web\MultiTenantApp.Web.csproj]
C:\Users\eduardo.hipolito\Documents\MyProjects\MultiTenantApp\src\MultiTenantApp.Web\Pages\Login.razor(11,5): warning RZ10012: Found markup element with unexpected name 'MudPaper'. If this is intended to be a component, add a @using directive for its namespace. [C:\Users\eduardo.hipolito\Documents\MyProjects\MultiTenantApp\src\MultiTenantApp.Web\MultiTenantApp.Web.csproj]
C:\Users\eduardo.hipolito\Documents\MyProjects\MultiTenantApp\src\MultiTenantApp.Web\Pages\Login.razor(12,9): warning RZ10012: Found markup element with unexpected name 'MudText'. If this is intended to be a component, add a @using directive for its namespace. [C:\Users\eduardo.hipolito\Documents\MyProjects\MultiTenantApp\src\MultiTenantApp.Web\MultiTenantApp.Web.csproj]
C:\Users\eduardo.hipolito\Documents\MyProjects\MultiTenantApp\src\MultiTenantApp.Web\Pages\Login.razor(14,9): warning RZ10012: Found markup element with unexpected name 'MudForm'. If this is intended to be a component, add a @using directive for its namespace. [C:\Users\eduardo.hipolito\Documents\MyProjects\MultiTenantApp\src\MultiTenantApp.Web\MultiTenantApp.Web.csproj]
C:\Users\eduardo.hipolito\Documents\MyProjects\MultiTenantApp\src\MultiTenantApp.Web\Pages\Login.razor(15,13): warning RZ10012: Found markup element with unexpected name 'MudTextField'. If this is intended to be a component, add a @using directive for its namespace. [C:\Users\eduardo.hipolito\Documents\MyProjects\MultiTenantApp\src\MultiTenantApp.Web\MultiTenantApp.Web.csproj]
C:\Users\eduardo.hipolito\Documents\MyProjects\MultiTenantApp\src\MultiTenantApp.Web\Pages\Login.razor(23,13): warning RZ10012: Found markup element with unexpected name 'MudTextField'. If this is intended to be a component, add a @using directive for its namespace. [C:\Users\eduardo.hipolito\Documents\MyProjects\MultiTenantApp\src\MultiTenantApp.Web\MultiTenantApp.Web.csproj]
C:\Users\eduardo.hipolito\Documents\MyProjects\MultiTenantApp\src\MultiTenantApp.Web\Pages\Login.razor(32,13): warning RZ10012: Found markup element with unexpected name 'ServerSelect'. If this is intended to be a component, add a @using directive for its namespace. [C:\Users\eduardo.hipolito\Documents\MyProjects\MultiTenantApp\src\MultiTenantApp.Web\MultiTenantApp.Web.csproj]
C:\Users\eduardo.hipolito\Documents\MyProjects\MultiTenantApp\src\MultiTenantApp.Web\Pages\Login.razor(43,13): warning RZ10012: Found markup element with unexpected name 'MudButton'. If this is intended to be a component, add a @using directive for its namespace. [C:\Users\eduardo.hipolito\Documents\MyProjects\MultiTenantApp\src\MultiTenantApp.Web\MultiTenantApp.Web.csproj]
C:\Users\eduardo.hipolito\Documents\MyProjects\MultiTenantApp\src\MultiTenantApp.Web\Pages\Login.razor(54,13): warning RZ10012: Found markup element with unexpected name 'MudAlert'. If this is intended to be a component, add a @using directive for its namespace. [C:\Users\eduardo.hipolito\Documents\MyProjects\MultiTenantApp\src\MultiTenantApp.Web\MultiTenantApp.Web.csproj]
C:\Users\eduardo.hipolito\Documents\MyProjects\MultiTenantApp\src\MultiTenantApp.Web\Pages\ProductCreateDialog.razor(5,1): warning RZ10012: Found markup element with unexpected name 'MudDialog'. If this is intended to be a component, add a @using directive for its namespace. [C:\Users\eduardo.hipolito\Documents\MyProjects\MultiTenantApp\src\MultiTenantApp.Web\MultiTenantApp.Web.csproj]
C:\Users\eduardo.hipolito\Documents\MyProjects\MultiTenantApp\src\MultiTenantApp.Web\Pages\ProductCreateDialog.razor(6,5): warning RZ10012: Found markup element with unexpected name 'DialogContent'. If this is intended to be a component, add a @using directive for its namespace. [C:\Users\eduardo.hipolito\Documents\MyProjects\MultiTenantApp\src\MultiTenantApp.Web\MultiTenantApp.Web.csproj]
C:\Users\eduardo.hipolito\Documents\MyProjects\MultiTenantApp\src\MultiTenantApp.Web\Pages\ProductCreateDialog.razor(7,9): warning RZ10012: Found markup element with unexpected name 'MudForm'. If this is intended to be a component, add a @using directive for its namespace. [C:\Users\eduardo.hipolito\Documents\MyProjects\MultiTenantApp\src\MultiTenantApp.Web\MultiTenantApp.Web.csproj]
C:\Users\eduardo.hipolito\Documents\MyProjects\MultiTenantApp\src\MultiTenantApp.Web\Pages\ProductCreateDialog.razor(8,13): warning RZ10012: Found markup element with unexpected name 'MudTextField'. If this is intended to be a component, add a @using directive for its namespace. [C:\Users\eduardo.hipolito\Documents\MyProjects\MultiTenantApp\src\MultiTenantApp.Web\MultiTenantApp.Web.csproj]
C:\Users\eduardo.hipolito\Documents\MyProjects\MultiTenantApp\src\MultiTenantApp.Web\Pages\ProductCreateDialog.razor(15,13): warning RZ10012: Found markup element with unexpected name 'MudTextField'. If this is intended to be a component, add a @using directive for its namespace. [C:\Users\eduardo.hipolito\Documents\MyProjects\MultiTenantApp\src\MultiTenantApp.Web\MultiTenantApp.Web.csproj]
C:\Users\eduardo.hipolito\Documents\MyProjects\MultiTenantApp\src\MultiTenantApp.Web\Pages\ProductCreateDialog.razor(22,13): warning RZ10012: Found markup element with unexpected name 'MudNumericField'. If this is intended to be a component, add a @using directive for its namespace. [C:\Users\eduardo.hipolito\Documents\MyProjects\MultiTenantApp\src\MultiTenantApp.Web\MultiTenantApp.Web.csproj]
C:\Users\eduardo.hipolito\Documents\MyProjects\MultiTenantApp\src\MultiTenantApp.Web\Pages\ProductCreateDialog.razor(32,5): warning RZ10012: Found markup element with unexpected name 'DialogActions'. If this is intended to be a component, add a @using directive for its namespace. [C:\Users\eduardo.hipolito\Documents\MyProjects\MultiTenantApp\src\MultiTenantApp.Web\MultiTenantApp.Web.csproj]
C:\Users\eduardo.hipolito\Documents\MyProjects\MultiTenantApp\src\MultiTenantApp.Web\Pages\ProductCreateDialog.razor(33,9): warning RZ10012: Found markup element with unexpected name 'MudButton'. If this is intended to be a component, add a @using directive for its namespace. [C:\Users\eduardo.hipolito\Documents\MyProjects\MultiTenantApp\src\MultiTenantApp.Web\MultiTenantApp.Web.csproj]
C:\Users\eduardo.hipolito\Documents\MyProjects\MultiTenantApp\src\MultiTenantApp.Web\Pages\ProductCreateDialog.razor(34,9): warning RZ10012: Found markup element with unexpected name 'MudButton'. If this is intended to be a component, add a @using directive for its namespace. [C:\Users\eduardo.hipolito\Documents\MyProjects\MultiTenantApp\src\MultiTenantApp.Web\MultiTenantApp.Web.csproj]
C:\Users\eduardo.hipolito\Documents\MyProjects\MultiTenantApp\src\MultiTenantApp.Web\Pages\Products.razor(7,1): warning RZ10012: Found markup element with unexpected name 'MudText'. If this is intended to be a component, add a @using directive for its namespace. [C:\Users\eduardo.hipolito\Documents\MyProjects\MultiTenantApp\src\MultiTenantApp.Web\MultiTenantApp.Web.csproj]
C:\Users\eduardo.hipolito\Documents\MyProjects\MultiTenantApp\src\MultiTenantApp.Web\Pages\Products.razor(9,1): warning RZ10012: Found markup element with unexpected name 'MudButton'. If this is intended to be a component, add a @using directive for its namespace. [C:\Users\eduardo.hipolito\Documents\MyProjects\MultiTenantApp\src\MultiTenantApp.Web\MultiTenantApp.Web.csproj]
C:\Users\eduardo.hipolito\Documents\MyProjects\MultiTenantApp\src\MultiTenantApp.Web\Pages\Products.razor(17,1): warning RZ10012: Found markup element with unexpected name 'MudDataGrid'. If this is intended to be a component, add a @using directive for its namespace. [C:\Users\eduardo.hipolito\Documents\MyProjects\MultiTenantApp\src\MultiTenantApp.Web\MultiTenantApp.Web.csproj]
C:\Users\eduardo.hipolito\Documents\MyProjects\MultiTenantApp\src\MultiTenantApp.Web\Pages\Products.razor(23,5): warning RZ10012: Found markup element with unexpected name 'Columns'. If this is intended to be a component, add a @using directive for its namespace. [C:\Users\eduardo.hipolito\Documents\MyProjects\MultiTenantApp\src\MultiTenantApp.Web\MultiTenantApp.Web.csproj]
C:\Users\eduardo.hipolito\Documents\MyProjects\MultiTenantApp\src\MultiTenantApp.Web\Pages\Products.razor(24,9): warning RZ10012: Found markup element with unexpected name 'PropertyColumn'. If this is intended to be a component, add a @using directive for its namespace. [C:\Users\eduardo.hipolito\Documents\MyProjects\MultiTenantApp\src\MultiTenantApp.Web\MultiTenantApp.Web.csproj]
C:\Users\eduardo.hipolito\Documents\MyProjects\MultiTenantApp\src\MultiTenantApp.Web\Pages\Products.razor(25,9): warning RZ10012: Found markup element with unexpected name 'PropertyColumn'. If this is intended to be a component, add a @using directive for its namespace. [C:\Users\eduardo.hipolito\Documents\MyProjects\MultiTenantApp\src\MultiTenantApp.Web\MultiTenantApp.Web.csproj]
C:\Users\eduardo.hipolito\Documents\MyProjects\MultiTenantApp\src\MultiTenantApp.Web\Pages\Products.razor(26,9): warning RZ10012: Found markup element with unexpected name 'PropertyColumn'. If this is intended to be a component, add a @using directive for its namespace. [C:\Users\eduardo.hipolito\Documents\MyProjects\MultiTenantApp\src\MultiTenantApp.Web\MultiTenantApp.Web.csproj]
C:\Users\eduardo.hipolito\Documents\MyProjects\MultiTenantApp\src\MultiTenantApp.Web\Pages\Products.razor(27,9): warning RZ10012: Found markup element with unexpected name 'TemplateColumn'. If this is intended to be a component, add a @using directive for its namespace. [C:\Users\eduardo.hipolito\Documents\MyProjects\MultiTenantApp\src\MultiTenantApp.Web\MultiTenantApp.Web.csproj]
C:\Users\eduardo.hipolito\Documents\MyProjects\MultiTenantApp\src\MultiTenantApp.Web\Pages\Products.razor(28,13): warning RZ10012: Found markup element with unexpected name 'CellTemplate'. If this is intended to be a component, add a @using directive for its namespace. [C:\Users\eduardo.hipolito\Documents\MyProjects\MultiTenantApp\src\MultiTenantApp.Web\MultiTenantApp.Web.csproj]
C:\Users\eduardo.hipolito\Documents\MyProjects\MultiTenantApp\src\MultiTenantApp.Web\Pages\Products.razor(29,17): warning RZ10012: Found markup element with unexpected name 'MudIconButton'. If this is intended to be a component, add a @using directive for its namespace. [C:\Users\eduardo.hipolito\Documents\MyProjects\MultiTenantApp\src\MultiTenantApp.Web\MultiTenantApp.Web.csproj]
C:\Users\eduardo.hipolito\Documents\MyProjects\MultiTenantApp\src\MultiTenantApp.Web\Pages\Products.razor(36,5): warning RZ10012: Found markup element with unexpected name 'PagerContent'. If this is intended to be a component, add a @using directive for its namespace. [C:\Users\eduardo.hipolito\Documents\MyProjects\MultiTenantApp\src\MultiTenantApp.Web\MultiTenantApp.Web.csproj]
C:\Users\eduardo.hipolito\Documents\MyProjects\MultiTenantApp\src\MultiTenantApp.Web\Pages\Products.razor(37,9): warning RZ10012: Found markup element with unexpected name 'MudDataGridPager'. If this is intended to be a component, add a @using directive for its namespace. [C:\Users\eduardo.hipolito\Documents\MyProjects\MultiTenantApp\src\MultiTenantApp.Web\MultiTenantApp.Web.csproj]
C:\Users\eduardo.hipolito\Documents\MyProjects\MultiTenantApp\src\MultiTenantApp.Web\Pages\Register.razor(13,1): warning RZ10012: Found markup element with unexpected name 'MudContainer'. If this is intended to be a component, add a @using directive for its namespace. [C:\Users\eduardo.hipolito\Documents\MyProjects\MultiTenantApp\src\MultiTenantApp.Web\MultiTenantApp.Web.csproj]
C:\Users\eduardo.hipolito\Documents\MyProjects\MultiTenantApp\src\MultiTenantApp.Web\Pages\Register.razor(14,5): warning RZ10012: Found markup element with unexpected name 'MudPaper'. If this is intended to be a component, add a @using directive for its namespace. [C:\Users\eduardo.hipolito\Documents\MyProjects\MultiTenantApp\src\MultiTenantApp.Web\MultiTenantApp.Web.csproj]
C:\Users\eduardo.hipolito\Documents\MyProjects\MultiTenantApp\src\MultiTenantApp.Web\Pages\Register.razor(15,9): warning RZ10012: Found markup element with unexpected name 'MudText'. If this is intended to be a component, add a @using directive for its namespace. [C:\Users\eduardo.hipolito\Documents\MyProjects\MultiTenantApp\src\MultiTenantApp.Web\MultiTenantApp.Web.csproj]
C:\Users\eduardo.hipolito\Documents\MyProjects\MultiTenantApp\src\MultiTenantApp.Web\Pages\Register.razor(19,13): warning RZ10012: Found markup element with unexpected name 'MudAlert'. If this is intended to be a component, add a @using directive for its namespace. [C:\Users\eduardo.hipolito\Documents\MyProjects\MultiTenantApp\src\MultiTenantApp.Web\MultiTenantApp.Web.csproj]
C:\Users\eduardo.hipolito\Documents\MyProjects\MultiTenantApp\src\MultiTenantApp.Web\Pages\Register.razor(23,13): warning RZ10012: Found markup element with unexpected name 'MudForm'. If this is intended to be a component, add a @using directive for its namespace. [C:\Users\eduardo.hipolito\Documents\MyProjects\MultiTenantApp\src\MultiTenantApp.Web\MultiTenantApp.Web.csproj]
C:\Users\eduardo.hipolito\Documents\MyProjects\MultiTenantApp\src\MultiTenantApp.Web\Pages\Register.razor(24,17): warning RZ10012: Found markup element with unexpected name 'MudTextField'. If this is intended to be a component, add a @using directive for its namespace. [C:\Users\eduardo.hipolito\Documents\MyProjects\MultiTenantApp\src\MultiTenantApp.Web\MultiTenantApp.Web.csproj]
C:\Users\eduardo.hipolito\Documents\MyProjects\MultiTenantApp\src\MultiTenantApp.Web\Pages\Register.razor(31,17): warning RZ10012: Found markup element with unexpected name 'MudTextField'. If this is intended to be a component, add a @using directive for its namespace. [C:\Users\eduardo.hipolito\Documents\MyProjects\MultiTenantApp\src\MultiTenantApp.Web\MultiTenantApp.Web.csproj]
C:\Users\eduardo.hipolito\Documents\MyProjects\MultiTenantApp\src\MultiTenantApp.Web\Pages\Register.razor(39,17): warning RZ10012: Found markup element with unexpected name 'MudTextField'. If this is intended to be a component, add a @using directive for its namespace. [C:\Users\eduardo.hipolito\Documents\MyProjects\MultiTenantApp\src\MultiTenantApp.Web\MultiTenantApp.Web.csproj]
C:\Users\eduardo.hipolito\Documents\MyProjects\MultiTenantApp\src\MultiTenantApp.Web\Pages\Register.razor(46,17): warning RZ10012: Found markup element with unexpected name 'MudButton'. If this is intended to be a component, add a @using directive for its namespace. [C:\Users\eduardo.hipolito\Documents\MyProjects\MultiTenantApp\src\MultiTenantApp.Web\MultiTenantApp.Web.csproj]
C:\Users\eduardo.hipolito\Documents\MyProjects\MultiTenantApp\src\MultiTenantApp.Web\Pages\Register.razor(57,17): warning RZ10012: Found markup element with unexpected name 'MudAlert'. If this is intended to be a component, add a @using directive for its namespace. [C:\Users\eduardo.hipolito\Documents\MyProjects\MultiTenantApp\src\MultiTenantApp.Web\MultiTenantApp.Web.csproj]
C:\Users\eduardo.hipolito\Documents\MyProjects\MultiTenantApp\src\MultiTenantApp.Web\Pages\Rules.razor(12,1): warning RZ10012: Found markup element with unexpected name 'MudText'. If this is intended to be a component, add a @using directive for its namespace. [C:\Users\eduardo.hipolito\Documents\MyProjects\MultiTenantApp\src\MultiTenantApp.Web\MultiTenantApp.Web.csproj]
C:\Users\eduardo.hipolito\Documents\MyProjects\MultiTenantApp\src\MultiTenantApp.Web\Pages\Rules.razor(14,1): warning RZ10012: Found markup element with unexpected name 'MudPaper'. If this is intended to be a component, add a @using directive for its namespace. [C:\Users\eduardo.hipolito\Documents\MyProjects\MultiTenantApp\src\MultiTenantApp.Web\MultiTenantApp.Web.csproj]
C:\Users\eduardo.hipolito\Documents\MyProjects\MultiTenantApp\src\MultiTenantApp.Web\Pages\Rules.razor(15,5): warning RZ10012: Found markup element with unexpected name 'MudGrid'. If this is intended to be a component, add a @using directive for its namespace. [C:\Users\eduardo.hipolito\Documents\MyProjects\MultiTenantApp\src\MultiTenantApp.Web\MultiTenantApp.Web.csproj]
C:\Users\eduardo.hipolito\Documents\MyProjects\MultiTenantApp\src\MultiTenantApp.Web\Pages\Rules.razor(16,9): warning RZ10012: Found markup element with unexpected name 'MudItem'. If this is intended to be a component, add a @using directive for its namespace. [C:\Users\eduardo.hipolito\Documents\MyProjects\MultiTenantApp\src\MultiTenantApp.Web\MultiTenantApp.Web.csproj]
C:\Users\eduardo.hipolito\Documents\MyProjects\MultiTenantApp\src\MultiTenantApp.Web\Pages\Rules.razor(17,13): warning RZ10012: Found markup element with unexpected name 'MudTextField'. If this is intended to be a component, add a @using directive for its namespace. [C:\Users\eduardo.hipolito\Documents\MyProjects\MultiTenantApp\src\MultiTenantApp.Web\MultiTenantApp.Web.csproj]
C:\Users\eduardo.hipolito\Documents\MyProjects\MultiTenantApp\src\MultiTenantApp.Web\Pages\Rules.razor(22,9): warning RZ10012: Found markup element with unexpected name 'MudItem'. If this is intended to be a component, add a @using directive for its namespace. [C:\Users\eduardo.hipolito\Documents\MyProjects\MultiTenantApp\src\MultiTenantApp.Web\MultiTenantApp.Web.csproj]
C:\Users\eduardo.hipolito\Documents\MyProjects\MultiTenantApp\src\MultiTenantApp.Web\Pages\Rules.razor(23,13): warning RZ10012: Found markup element with unexpected name 'MudButton'. If this is intended to be a component, add a @using directive for its namespace. [C:\Users\eduardo.hipolito\Documents\MyProjects\MultiTenantApp\src\MultiTenantApp.Web\MultiTenantApp.Web.csproj]
C:\Users\eduardo.hipolito\Documents\MyProjects\MultiTenantApp\src\MultiTenantApp.Web\Pages\Rules.razor(34,1): warning RZ10012: Found markup element with unexpected name 'MudDataGrid'. If this is intended to be a component, add a @using directive for its namespace. [C:\Users\eduardo.hipolito\Documents\MyProjects\MultiTenantApp\src\MultiTenantApp.Web\MultiTenantApp.Web.csproj]
C:\Users\eduardo.hipolito\Documents\MyProjects\MultiTenantApp\src\MultiTenantApp.Web\Pages\Rules.razor(40,5): warning RZ10012: Found markup element with unexpected name 'Columns'. If this is intended to be a component, add a @using directive for its namespace. [C:\Users\eduardo.hipolito\Documents\MyProjects\MultiTenantApp\src\MultiTenantApp.Web\MultiTenantApp.Web.csproj]
C:\Users\eduardo.hipolito\Documents\MyProjects\MultiTenantApp\src\MultiTenantApp.Web\Pages\Rules.razor(41,9): warning RZ10012: Found markup element with unexpected name 'PropertyColumn'. If this is intended to be a component, add a @using directive for its namespace. [C:\Users\eduardo.hipolito\Documents\MyProjects\MultiTenantApp\src\MultiTenantApp.Web\MultiTenantApp.Web.csproj]
C:\Users\eduardo.hipolito\Documents\MyProjects\MultiTenantApp\src\MultiTenantApp.Web\Pages\Rules.razor(42,9): warning RZ10012: Found markup element with unexpected name 'TemplateColumn'. If this is intended to be a component, add a @using directive for its namespace. [C:\Users\eduardo.hipolito\Documents\MyProjects\MultiTenantApp\src\MultiTenantApp.Web\MultiTenantApp.Web.csproj]
C:\Users\eduardo.hipolito\Documents\MyProjects\MultiTenantApp\src\MultiTenantApp.Web\Pages\Rules.razor(43,13): warning RZ10012: Found markup element with unexpected name 'CellTemplate'. If this is intended to be a component, add a @using directive for its namespace. [C:\Users\eduardo.hipolito\Documents\MyProjects\MultiTenantApp\src\MultiTenantApp.Web\MultiTenantApp.Web.csproj]
C:\Users\eduardo.hipolito\Documents\MyProjects\MultiTenantApp\src\MultiTenantApp.Web\Pages\Rules.razor(44,17): warning RZ10012: Found markup element with unexpected name 'MudIconButton'. If this is intended to be a component, add a @using directive for its namespace. [C:\Users\eduardo.hipolito\Documents\MyProjects\MultiTenantApp\src\MultiTenantApp.Web\MultiTenantApp.Web.csproj]
C:\Users\eduardo.hipolito\Documents\MyProjects\MultiTenantApp\src\MultiTenantApp.Web\Pages\Rules.razor(51,5): warning RZ10012: Found markup element with unexpected name 'PagerContent'. If this is intended to be a component, add a @using directive for its namespace. [C:\Users\eduardo.hipolito\Documents\MyProjects\MultiTenantApp\src\MultiTenantApp.Web\MultiTenantApp.Web.csproj]
C:\Users\eduardo.hipolito\Documents\MyProjects\MultiTenantApp\src\MultiTenantApp.Web\Pages\Rules.razor(52,9): warning RZ10012: Found markup element with unexpected name 'MudDataGridPager'. If this is intended to be a component, add a @using directive for its namespace. [C:\Users\eduardo.hipolito\Documents\MyProjects\MultiTenantApp\src\MultiTenantApp.Web\MultiTenantApp.Web.csproj]
C:\Users\eduardo.hipolito\Documents\MyProjects\MultiTenantApp\src\MultiTenantApp.Web\Pages\Users.razor(12,1): warning RZ10012: Found markup element with unexpected name 'MudText'. If this is intended to be a component, add a @using directive for its namespace. [C:\Users\eduardo.hipolito\Documents\MyProjects\MultiTenantApp\src\MultiTenantApp.Web\MultiTenantApp.Web.csproj]
C:\Users\eduardo.hipolito\Documents\MyProjects\MultiTenantApp\src\MultiTenantApp.Web\Pages\Users.razor(14,1): warning RZ10012: Found markup element with unexpected name 'MudPaper'. If this is intended to be a component, add a @using directive for its namespace. [C:\Users\eduardo.hipolito\Documents\MyProjects\MultiTenantApp\src\MultiTenantApp.Web\MultiTenantApp.Web.csproj]
C:\Users\eduardo.hipolito\Documents\MyProjects\MultiTenantApp\src\MultiTenantApp.Web\Pages\Users.razor(15,5): warning RZ10012: Found markup element with unexpected name 'MudText'. If this is intended to be a component, add a @using directive for its namespace. [C:\Users\eduardo.hipolito\Documents\MyProjects\MultiTenantApp\src\MultiTenantApp.Web\MultiTenantApp.Web.csproj]
C:\Users\eduardo.hipolito\Documents\MyProjects\MultiTenantApp\src\MultiTenantApp.Web\Pages\Users.razor(16,5): warning RZ10012: Found markup element with unexpected name 'MudForm'. If this is intended to be a component, add a @using directive for its namespace. [C:\Users\eduardo.hipolito\Documents\MyProjects\MultiTenantApp\src\MultiTenantApp.Web\MultiTenantApp.Web.csproj]
C:\Users\eduardo.hipolito\Documents\MyProjects\MultiTenantApp\src\MultiTenantApp.Web\Pages\Users.razor(17,9): warning RZ10012: Found markup element with unexpected name 'MudGrid'. If this is intended to be a component, add a @using directive for its namespace. [C:\Users\eduardo.hipolito\Documents\MyProjects\MultiTenantApp\src\MultiTenantApp.Web\MultiTenantApp.Web.csproj]
C:\Users\eduardo.hipolito\Documents\MyProjects\MultiTenantApp\src\MultiTenantApp.Web\Pages\Users.razor(18,13): warning RZ10012: Found markup element with unexpected name 'MudItem'. If this is intended to be a component, add a @using directive for its namespace. [C:\Users\eduardo.hipolito\Documents\MyProjects\MultiTenantApp\src\MultiTenantApp.Web\MultiTenantApp.Web.csproj]
C:\Users\eduardo.hipolito\Documents\MyProjects\MultiTenantApp\src\MultiTenantApp.Web\Pages\Users.razor(19,17): warning RZ10012: Found markup element with unexpected name 'MudTextField'. If this is intended to be a component, add a @using directive for its namespace. [C:\Users\eduardo.hipolito\Documents\MyProjects\MultiTenantApp\src\MultiTenantApp.Web\MultiTenantApp.Web.csproj]
C:\Users\eduardo.hipolito\Documents\MyProjects\MultiTenantApp\src\MultiTenantApp.Web\Pages\Users.razor(25,13): warning RZ10012: Found markup element with unexpected name 'MudItem'. If this is intended to be a component, add a @using directive for its namespace. [C:\Users\eduardo.hipolito\Documents\MyProjects\MultiTenantApp\src\MultiTenantApp.Web\MultiTenantApp.Web.csproj]
C:\Users\eduardo.hipolito\Documents\MyProjects\MultiTenantApp\src\MultiTenantApp.Web\Pages\Users.razor(26,17): warning RZ10012: Found markup element with unexpected name 'MudTextField'. If this is intended to be a component, add a @using directive for its namespace. [C:\Users\eduardo.hipolito\Documents\MyProjects\MultiTenantApp\src\MultiTenantApp.Web\MultiTenantApp.Web.csproj]
C:\Users\eduardo.hipolito\Documents\MyProjects\MultiTenantApp\src\MultiTenantApp.Web\Pages\Users.razor(33,13): warning RZ10012: Found markup element with unexpected name 'MudItem'. If this is intended to be a component, add a @using directive for its namespace. [C:\Users\eduardo.hipolito\Documents\MyProjects\MultiTenantApp\src\MultiTenantApp.Web\MultiTenantApp.Web.csproj]
C:\Users\eduardo.hipolito\Documents\MyProjects\MultiTenantApp\src\MultiTenantApp.Web\Pages\Users.razor(34,17): warning RZ10012: Found markup element with unexpected name 'MudTextField'. If this is intended to be a component, add a @using directive for its namespace. [C:\Users\eduardo.hipolito\Documents\MyProjects\MultiTenantApp\src\MultiTenantApp.Web\MultiTenantApp.Web.csproj]
C:\Users\eduardo.hipolito\Documents\MyProjects\MultiTenantApp\src\MultiTenantApp.Web\Pages\Users.razor(40,13): warning RZ10012: Found markup element with unexpected name 'MudItem'. If this is intended to be a component, add a @using directive for its namespace. [C:\Users\eduardo.hipolito\Documents\MyProjects\MultiTenantApp\src\MultiTenantApp.Web\MultiTenantApp.Web.csproj]
C:\Users\eduardo.hipolito\Documents\MyProjects\MultiTenantApp\src\MultiTenantApp.Web\Pages\Users.razor(41,17): warning RZ10012: Found markup element with unexpected name 'ServerSelect'. If this is intended to be a component, add a @using directive for its namespace. [C:\Users\eduardo.hipolito\Documents\MyProjects\MultiTenantApp\src\MultiTenantApp.Web\MultiTenantApp.Web.csproj]
C:\Users\eduardo.hipolito\Documents\MyProjects\MultiTenantApp\src\MultiTenantApp.Web\Pages\Users.razor(52,13): warning RZ10012: Found markup element with unexpected name 'MudItem'. If this is intended to be a component, add a @using directive for its namespace. [C:\Users\eduardo.hipolito\Documents\MyProjects\MultiTenantApp\src\MultiTenantApp.Web\MultiTenantApp.Web.csproj]
C:\Users\eduardo.hipolito\Documents\MyProjects\MultiTenantApp\src\MultiTenantApp.Web\Pages\Users.razor(53,17): warning RZ10012: Found markup element with unexpected name 'MudButton'. If this is intended to be a component, add a @using directive for its namespace. [C:\Users\eduardo.hipolito\Documents\MyProjects\MultiTenantApp\src\MultiTenantApp.Web\MultiTenantApp.Web.csproj]
C:\Users\eduardo.hipolito\Documents\MyProjects\MultiTenantApp\src\MultiTenantApp.Web\Pages\Users.razor(64,1): warning RZ10012: Found markup element with unexpected name 'MudDataGrid'. If this is intended to be a component, add a @using directive for its namespace. [C:\Users\eduardo.hipolito\Documents\MyProjects\MultiTenantApp\src\MultiTenantApp.Web\MultiTenantApp.Web.csproj]
C:\Users\eduardo.hipolito\Documents\MyProjects\MultiTenantApp\src\MultiTenantApp.Web\Pages\Users.razor(70,5): warning RZ10012: Found markup element with unexpected name 'Columns'. If this is intended to be a component, add a @using directive for its namespace. [C:\Users\eduardo.hipolito\Documents\MyProjects\MultiTenantApp\src\MultiTenantApp.Web\MultiTenantApp.Web.csproj]
C:\Users\eduardo.hipolito\Documents\MyProjects\MultiTenantApp\src\MultiTenantApp.Web\Pages\Users.razor(71,9): warning RZ10012: Found markup element with unexpected name 'PropertyColumn'. If this is intended to be a component, add a @using directive for its namespace. [C:\Users\eduardo.hipolito\Documents\MyProjects\MultiTenantApp\src\MultiTenantApp.Web\MultiTenantApp.Web.csproj]
C:\Users\eduardo.hipolito\Documents\MyProjects\MultiTenantApp\src\MultiTenantApp.Web\Pages\Users.razor(72,9): warning RZ10012: Found markup element with unexpected name 'PropertyColumn'. If this is intended to be a component, add a @using directive for its namespace. [C:\Users\eduardo.hipolito\Documents\MyProjects\MultiTenantApp\src\MultiTenantApp.Web\MultiTenantApp.Web.csproj]
C:\Users\eduardo.hipolito\Documents\MyProjects\MultiTenantApp\src\MultiTenantApp.Web\Pages\Users.razor(73,9): warning RZ10012: Found markup element with unexpected name 'TemplateColumn'. If this is intended to be a component, add a @using directive for its namespace. [C:\Users\eduardo.hipolito\Documents\MyProjects\MultiTenantApp\src\MultiTenantApp.Web\MultiTenantApp.Web.csproj]
C:\Users\eduardo.hipolito\Documents\MyProjects\MultiTenantApp\src\MultiTenantApp.Web\Pages\Users.razor(74,13): warning RZ10012: Found markup element with unexpected name 'CellTemplate'. If this is intended to be a component, add a @using directive for its namespace. [C:\Users\eduardo.hipolito\Documents\MyProjects\MultiTenantApp\src\MultiTenantApp.Web\MultiTenantApp.Web.csproj]
C:\Users\eduardo.hipolito\Documents\MyProjects\MultiTenantApp\src\MultiTenantApp.Web\Pages\Users.razor(75,17): warning RZ10012: Found markup element with unexpected name 'MudIconButton'. If this is intended to be a component, add a @using directive for its namespace. [C:\Users\eduardo.hipolito\Documents\MyProjects\MultiTenantApp\src\MultiTenantApp.Web\MultiTenantApp.Web.csproj]
C:\Users\eduardo.hipolito\Documents\MyProjects\MultiTenantApp\src\MultiTenantApp.Web\Pages\Users.razor(82,5): warning RZ10012: Found markup element with unexpected name 'PagerContent'. If this is intended to be a component, add a @using directive for its namespace. [C:\Users\eduardo.hipolito\Documents\MyProjects\MultiTenantApp\src\MultiTenantApp.Web\MultiTenantApp.Web.csproj]
C:\Users\eduardo.hipolito\Documents\MyProjects\MultiTenantApp\src\MultiTenantApp.Web\Pages\Users.razor(83,9): warning RZ10012: Found markup element with unexpected name 'MudDataGridPager'. If this is intended to be a component, add a @using directive for its namespace. [C:\Users\eduardo.hipolito\Documents\MyProjects\MultiTenantApp\src\MultiTenantApp.Web\MultiTenantApp.Web.csproj]
C:\Users\eduardo.hipolito\Documents\MyProjects\MultiTenantApp\src\MultiTenantApp.Web\Shared\MainLayout.razor(5,1): warning RZ10012: Found markup element with unexpected name 'MudLayout'. If this is intended to be a component, add a @using directive for its namespace. [C:\Users\eduardo.hipolito\Documents\MyProjects\MultiTenantApp\src\MultiTenantApp.Web\MultiTenantApp.Web.csproj]
C:\Users\eduardo.hipolito\Documents\MyProjects\MultiTenantApp\src\MultiTenantApp.Web\Shared\MainLayout.razor(6,5): warning RZ10012: Found markup element with unexpected name 'MudAppBar'. If this is intended to be a component, add a @using directive for its namespace. [C:\Users\eduardo.hipolito\Documents\MyProjects\MultiTenantApp\src\MultiTenantApp.Web\MultiTenantApp.Web.csproj]
C:\Users\eduardo.hipolito\Documents\MyProjects\MultiTenantApp\src\MultiTenantApp.Web\Shared\MainLayout.razor(7,9): warning RZ10012: Found markup element with unexpected name 'MudIconButton'. If this is intended to be a component, add a @using directive for its namespace. [C:\Users\eduardo.hipolito\Documents\MyProjects\MultiTenantApp\src\MultiTenantApp.Web\MultiTenantApp.Web.csproj]
C:\Users\eduardo.hipolito\Documents\MyProjects\MultiTenantApp\src\MultiTenantApp.Web\Shared\MainLayout.razor(8,9): warning RZ10012: Found markup element with unexpected name 'MudText'. If this is intended to be a component, add a @using directive for its namespace. [C:\Users\eduardo.hipolito\Documents\MyProjects\MultiTenantApp\src\MultiTenantApp.Web\MultiTenantApp.Web.csproj]
C:\Users\eduardo.hipolito\Documents\MyProjects\MultiTenantApp\src\MultiTenantApp.Web\Shared\MainLayout.razor(9,9): warning RZ10012: Found markup element with unexpected name 'MudSpacer'. If this is intended to be a component, add a @using directive for its namespace. [C:\Users\eduardo.hipolito\Documents\MyProjects\MultiTenantApp\src\MultiTenantApp.Web\MultiTenantApp.Web.csproj]
C:\Users\eduardo.hipolito\Documents\MyProjects\MultiTenantApp\src\MultiTenantApp.Web\Shared\MainLayout.razor(12,17): warning RZ10012: Found markup element with unexpected name 'MudText'. If this is intended to be a component, add a @using directive for its namespace. [C:\Users\eduardo.hipolito\Documents\MyProjects\MultiTenantApp\src\MultiTenantApp.Web\MultiTenantApp.Web.csproj]
C:\Users\eduardo.hipolito\Documents\MyProjects\MultiTenantApp\src\MultiTenantApp.Web\Shared\MainLayout.razor(13,17): warning RZ10012: Found markup element with unexpected name 'MudButton'. If this is intended to be a component, add a @using directive for its namespace. [C:\Users\eduardo.hipolito\Documents\MyProjects\MultiTenantApp\src\MultiTenantApp.Web\MultiTenantApp.Web.csproj]
C:\Users\eduardo.hipolito\Documents\MyProjects\MultiTenantApp\src\MultiTenantApp.Web\Shared\MainLayout.razor(16,17): warning RZ10012: Found markup element with unexpected name 'MudButton'. If this is intended to be a component, add a @using directive for its namespace. [C:\Users\eduardo.hipolito\Documents\MyProjects\MultiTenantApp\src\MultiTenantApp.Web\MultiTenantApp.Web.csproj]
C:\Users\eduardo.hipolito\Documents\MyProjects\MultiTenantApp\src\MultiTenantApp.Web\Shared\MainLayout.razor(21,5): warning RZ10012: Found markup element with unexpected name 'MudDrawer'. If this is intended to be a component, add a @using directive for its namespace. [C:\Users\eduardo.hipolito\Documents\MyProjects\MultiTenantApp\src\MultiTenantApp.Web\MultiTenantApp.Web.csproj]
C:\Users\eduardo.hipolito\Documents\MyProjects\MultiTenantApp\src\MultiTenantApp.Web\Shared\MainLayout.razor(25,5): warning RZ10012: Found markup element with unexpected name 'MudMainContent'. If this is intended to be a component, add a @using directive for its namespace. [C:\Users\eduardo.hipolito\Documents\MyProjects\MultiTenantApp\src\MultiTenantApp.Web\MultiTenantApp.Web.csproj]
C:\Users\eduardo.hipolito\Documents\MyProjects\MultiTenantApp\src\MultiTenantApp.Web\Shared\MainLayout.razor(26,9): warning RZ10012: Found markup element with unexpected name 'MudContainer'. If this is intended to be a component, add a @using directive for its namespace. [C:\Users\eduardo.hipolito\Documents\MyProjects\MultiTenantApp\src\MultiTenantApp.Web\MultiTenantApp.Web.csproj]
C:\Users\eduardo.hipolito\Documents\MyProjects\MultiTenantApp\src\MultiTenantApp.Web\Shared\NavMenu.razor(3,9): warning RZ10012: Found markup element with unexpected name 'MudNavMenu'. If this is intended to be a component, add a @using directive for its namespace. [C:\Users\eduardo.hipolito\Documents\MyProjects\MultiTenantApp\src\MultiTenantApp.Web\MultiTenantApp.Web.csproj]
C:\Users\eduardo.hipolito\Documents\MyProjects\MultiTenantApp\src\MultiTenantApp.Web\Shared\NavMenu.razor(4,13): warning RZ10012: Found markup element with unexpected name 'MudNavLink'. If this is intended to be a component, add a @using directive for its namespace. [C:\Users\eduardo.hipolito\Documents\MyProjects\MultiTenantApp\src\MultiTenantApp.Web\MultiTenantApp.Web.csproj]
C:\Users\eduardo.hipolito\Documents\MyProjects\MultiTenantApp\src\MultiTenantApp.Web\Shared\NavMenu.razor(5,13): warning RZ10012: Found markup element with unexpected name 'MudNavLink'. If this is intended to be a component, add a @using directive for its namespace. [C:\Users\eduardo.hipolito\Documents\MyProjects\MultiTenantApp\src\MultiTenantApp.Web\MultiTenantApp.Web.csproj]
C:\Users\eduardo.hipolito\Documents\MyProjects\MultiTenantApp\src\MultiTenantApp.Web\Shared\NavMenu.razor(6,13): warning RZ10012: Found markup element with unexpected name 'MudNavLink'. If this is intended to be a component, add a @using directive for its namespace. [C:\Users\eduardo.hipolito\Documents\MyProjects\MultiTenantApp\src\MultiTenantApp.Web\MultiTenantApp.Web.csproj]
C:\Users\eduardo.hipolito\Documents\MyProjects\MultiTenantApp\src\MultiTenantApp.Web\Shared\NavMenu.razor(7,13): warning RZ10012: Found markup element with unexpected name 'MudNavLink'. If this is intended to be a component, add a @using directive for its namespace. [C:\Users\eduardo.hipolito\Documents\MyProjects\MultiTenantApp\src\MultiTenantApp.Web\MultiTenantApp.Web.csproj]
C:\Users\eduardo.hipolito\Documents\MyProjects\MultiTenantApp\src\MultiTenantApp.Web\Pages\Login.razor(14,45): error RZ9991: The attribute names could not be inferred from bind attribute 'bind-IsValid'. Bind attributes should be of the form 'bind' or 'bind-value' along with their corresponding optional parameters like 'bind-value:event', 'bind:format' etc. [C:\Users\eduardo.hipolito\Documents\MyProjects\MultiTenantApp\src\MultiTenantApp.Web\MultiTenantApp.Web.csproj]
C:\Users\eduardo.hipolito\Documents\MyProjects\MultiTenantApp\src\MultiTenantApp.Web\Pages\Login.razor(15,40): error RZ9991: The attribute names could not be inferred from bind attribute 'bind-Value'. Bind attributes should be of the form 'bind' or 'bind-value' along with their corresponding optional parameters like 'bind-value:event', 'bind:format' etc. [C:\Users\eduardo.hipolito\Documents\MyProjects\MultiTenantApp\src\MultiTenantApp.Web\MultiTenantApp.Web.csproj]
C:\Users\eduardo.hipolito\Documents\MyProjects\MultiTenantApp\src\MultiTenantApp.Web\Pages\Login.razor(23,40): error RZ9991: The attribute names could not be inferred from bind attribute 'bind-Value'. Bind attributes should be of the form 'bind' or 'bind-value' along with their corresponding optional parameters like 'bind-value:event', 'bind:format' etc. [C:\Users\eduardo.hipolito\Documents\MyProjects\MultiTenantApp\src\MultiTenantApp.Web\MultiTenantApp.Web.csproj]
C:\Users\eduardo.hipolito\Documents\MyProjects\MultiTenantApp\src\MultiTenantApp.Web\Pages\Login.razor(34,39): error RZ9991: The attribute names could not be inferred from bind attribute 'bind-Value'. Bind attributes should be of the form 'bind' or 'bind-value' along with their corresponding optional parameters like 'bind-value:event', 'bind:format' etc. [C:\Users\eduardo.hipolito\Documents\MyProjects\MultiTenantApp\src\MultiTenantApp.Web\MultiTenantApp.Web.csproj]
C:\Users\eduardo.hipolito\Documents\MyProjects\MultiTenantApp\src\MultiTenantApp.Web\Pages\ProductCreateDialog.razor(7,45): error RZ9991: The attribute names could not be inferred from bind attribute 'bind-IsValid'. Bind attributes should be of the form 'bind' or 'bind-value' along with their corresponding optional parameters like 'bind-value:event', 'bind:format' etc. [C:\Users\eduardo.hipolito\Documents\MyProjects\MultiTenantApp\src\MultiTenantApp.Web\MultiTenantApp.Web.csproj]
C:\Users\eduardo.hipolito\Documents\MyProjects\MultiTenantApp\src\MultiTenantApp.Web\Pages\ProductCreateDialog.razor(8,40): error RZ9991: The attribute names could not be inferred from bind attribute 'bind-Value'. Bind attributes should be of the form 'bind' or 'bind-value' along with their corresponding optional parameters like 'bind-value:event', 'bind:format' etc. [C:\Users\eduardo.hipolito\Documents\MyProjects\MultiTenantApp\src\MultiTenantApp.Web\MultiTenantApp.Web.csproj]
C:\Users\eduardo.hipolito\Documents\MyProjects\MultiTenantApp\src\MultiTenantApp.Web\Pages\ProductCreateDialog.razor(15,40): error RZ9991: The attribute names could not be inferred from bind attribute 'bind-Value'. Bind attributes should be of the form 'bind' or 'bind-value' along with their corresponding optional parameters like 'bind-value:event', 'bind:format' etc. [C:\Users\eduardo.hipolito\Documents\MyProjects\MultiTenantApp\src\MultiTenantApp.Web\MultiTenantApp.Web.csproj]
C:\Users\eduardo.hipolito\Documents\MyProjects\MultiTenantApp\src\MultiTenantApp.Web\Pages\ProductCreateDialog.razor(22,43): error RZ9991: The attribute names could not be inferred from bind attribute 'bind-Value'. Bind attributes should be of the form 'bind' or 'bind-value' along with their corresponding optional parameters like 'bind-value:event', 'bind:format' etc. [C:\Users\eduardo.hipolito\Documents\MyProjects\MultiTenantApp\src\MultiTenantApp.Web\MultiTenantApp.Web.csproj]
C:\Users\eduardo.hipolito\Documents\MyProjects\MultiTenantApp\src\MultiTenantApp.Web\Pages\Register.razor(23,49): error RZ9991: The attribute names could not be inferred from bind attribute 'bind-IsValid'. Bind attributes should be of the form 'bind' or 'bind-value' along with their corresponding optional parameters like 'bind-value:event', 'bind:format' etc. [C:\Users\eduardo.hipolito\Documents\MyProjects\MultiTenantApp\src\MultiTenantApp.Web\MultiTenantApp.Web.csproj]
C:\Users\eduardo.hipolito\Documents\MyProjects\MultiTenantApp\src\MultiTenantApp.Web\Pages\Register.razor(24,44): error RZ9991: The attribute names could not be inferred from bind attribute 'bind-Value'. Bind attributes should be of the form 'bind' or 'bind-value' along with their corresponding optional parameters like 'bind-value:event', 'bind:format' etc. [C:\Users\eduardo.hipolito\Documents\MyProjects\MultiTenantApp\src\MultiTenantApp.Web\MultiTenantApp.Web.csproj]
C:\Users\eduardo.hipolito\Documents\MyProjects\MultiTenantApp\src\MultiTenantApp.Web\Pages\Register.razor(31,44): error RZ9991: The attribute names could not be inferred from bind attribute 'bind-Value'. Bind attributes should be of the form 'bind' or 'bind-value' along with their corresponding optional parameters like 'bind-value:event', 'bind:format' etc. [C:\Users\eduardo.hipolito\Documents\MyProjects\MultiTenantApp\src\MultiTenantApp.Web\MultiTenantApp.Web.csproj]
C:\Users\eduardo.hipolito\Documents\MyProjects\MultiTenantApp\src\MultiTenantApp.Web\Pages\Register.razor(39,44): error RZ9991: The attribute names could not be inferred from bind attribute 'bind-Value'. Bind attributes should be of the form 'bind' or 'bind-value' along with their corresponding optional parameters like 'bind-value:event', 'bind:format' etc. [C:\Users\eduardo.hipolito\Documents\MyProjects\MultiTenantApp\src\MultiTenantApp.Web\MultiTenantApp.Web.csproj]
C:\Users\eduardo.hipolito\Documents\MyProjects\MultiTenantApp\src\MultiTenantApp.Web\Pages\Rules.razor(17,40): error RZ9991: The attribute names could not be inferred from bind attribute 'bind-Value'. Bind attributes should be of the form 'bind' or 'bind-value' along with their corresponding optional parameters like 'bind-value:event', 'bind:format' etc. [C:\Users\eduardo.hipolito\Documents\MyProjects\MultiTenantApp\src\MultiTenantApp.Web\MultiTenantApp.Web.csproj]
C:\Users\eduardo.hipolito\Documents\MyProjects\MultiTenantApp\src\MultiTenantApp.Web\Pages\Users.razor(16,47): error RZ9991: The attribute names could not be inferred from bind attribute 'bind-IsValid'. Bind attributes should be of the form 'bind' or 'bind-value' along with their corresponding optional parameters like 'bind-value:event', 'bind:format' etc. [C:\Users\eduardo.hipolito\Documents\MyProjects\MultiTenantApp\src\MultiTenantApp.Web\MultiTenantApp.Web.csproj]
C:\Users\eduardo.hipolito\Documents\MyProjects\MultiTenantApp\src\MultiTenantApp.Web\Pages\Users.razor(19,44): error RZ9991: The attribute names could not be inferred from bind attribute 'bind-Value'. Bind attributes should be of the form 'bind' or 'bind-value' along with their corresponding optional parameters like 'bind-value:event', 'bind:format' etc. [C:\Users\eduardo.hipolito\Documents\MyProjects\MultiTenantApp\src\MultiTenantApp.Web\MultiTenantApp.Web.csproj]
C:\Users\eduardo.hipolito\Documents\MyProjects\MultiTenantApp\src\MultiTenantApp.Web\Pages\Users.razor(26,44): error RZ9991: The attribute names could not be inferred from bind attribute 'bind-Value'. Bind attributes should be of the form 'bind' or 'bind-value' along with their corresponding optional parameters like 'bind-value:event', 'bind:format' etc. [C:\Users\eduardo.hipolito\Documents\MyProjects\MultiTenantApp\src\MultiTenantApp.Web\MultiTenantApp.Web.csproj]
C:\Users\eduardo.hipolito\Documents\MyProjects\MultiTenantApp\src\MultiTenantApp.Web\Pages\Users.razor(34,44): error RZ9991: The attribute names could not be inferred from bind attribute 'bind-Value'. Bind attributes should be of the form 'bind' or 'bind-value' along with their corresponding optional parameters like 'bind-value:event', 'bind:format' etc. [C:\Users\eduardo.hipolito\Documents\MyProjects\MultiTenantApp\src\MultiTenantApp.Web\MultiTenantApp.Web.csproj]
C:\Users\eduardo.hipolito\Documents\MyProjects\MultiTenantApp\src\MultiTenantApp.Web\Pages\Users.razor(43,43): error RZ9991: The attribute names could not be inferred from bind attribute 'bind-Value'. Bind attributes should be of the form 'bind' or 'bind-value' along with their corresponding optional parameters like 'bind-value:event', 'bind:format' etc. [C:\Users\eduardo.hipolito\Documents\MyProjects\MultiTenantApp\src\MultiTenantApp.Web\MultiTenantApp.Web.csproj]
C:\Users\eduardo.hipolito\Documents\MyProjects\MultiTenantApp\src\MultiTenantApp.Web\Shared\MainLayout.razor(21,28): error RZ9991: The attribute names could not be inferred from bind attribute 'bind-Open'. Bind attributes should be of the form 'bind' or 'bind-value' along with their corresponding optional parameters like 'bind-value:event', 'bind:format' etc. [C:\Users\eduardo.hipolito\Documents\MyProjects\MultiTenantApp\src\MultiTenantApp.Web\MultiTenantApp.Web.csproj]
C:\Users\eduardo.hipolito\Documents\MyProjects\MultiTenantApp\src\MultiTenantApp.Web\Program.cs(7,7): error CS0246: The type or namespace name 'MudBlazor' could not be found (are you missing a using directive or an assembly reference?) [C:\Users\eduardo.hipolito\Documents\MyProjects\MultiTenantApp\src\MultiTenantApp.Web\MultiTenantApp.Web.csproj]
C:\Users\eduardo.hipolito\Documents\MyProjects\MultiTenantApp\src\MultiTenantApp.Web\_Imports.razor(13,8): error CS0246: The type or namespace name 'MudBlazor' could not be found (are you missing a using directive or an assembly reference?) [C:\Users\eduardo.hipolito\Documents\MyProjects\MultiTenantApp\src\MultiTenantApp.Web\MultiTenantApp.Web.csproj]
C:\Users\eduardo.hipolito\Documents\MyProjects\MultiTenantApp\src\MultiTenantApp.Web\_Imports.razor(13,8): error CS0246: The type or namespace name 'MudBlazor' could not be found (are you missing a using directive or an assembly reference?) [C:\Users\eduardo.hipolito\Documents\MyProjects\MultiTenantApp\src\MultiTenantApp.Web\MultiTenantApp.Web.csproj]
C:\Users\eduardo.hipolito\Documents\MyProjects\MultiTenantApp\src\MultiTenantApp.Web\_Imports.razor(13,8): error CS0246: The type or namespace name 'MudBlazor' could not be found (are you missing a using directive or an assembly reference?) [C:\Users\eduardo.hipolito\Documents\MyProjects\MultiTenantApp\src\MultiTenantApp.Web\MultiTenantApp.Web.csproj]
C:\Users\eduardo.hipolito\Documents\MyProjects\MultiTenantApp\src\MultiTenantApp.Web\_Imports.razor(13,8): error CS0246: The type or namespace name 'MudBlazor' could not be found (are you missing a using directive or an assembly reference?) [C:\Users\eduardo.hipolito\Documents\MyProjects\MultiTenantApp\src\MultiTenantApp.Web\MultiTenantApp.Web.csproj]
C:\Users\eduardo.hipolito\Documents\MyProjects\MultiTenantApp\src\MultiTenantApp.Web\_Imports.razor(13,8): error CS0246: The type or namespace name 'MudBlazor' could not be found (are you missing a using directive or an assembly reference?) [C:\Users\eduardo.hipolito\Documents\MyProjects\MultiTenantApp\src\MultiTenantApp.Web\MultiTenantApp.Web.csproj]
C:\Users\eduardo.hipolito\Documents\MyProjects\MultiTenantApp\src\MultiTenantApp.Web\_Imports.razor(13,8): error CS0246: The type or namespace name 'MudBlazor' could not be found (are you missing a using directive or an assembly reference?) [C:\Users\eduardo.hipolito\Documents\MyProjects\MultiTenantApp\src\MultiTenantApp.Web\MultiTenantApp.Web.csproj]
C:\Users\eduardo.hipolito\Documents\MyProjects\MultiTenantApp\src\MultiTenantApp.Web\_Imports.razor(13,8): error CS0246: The type or namespace name 'MudBlazor' could not be found (are you missing a using directive or an assembly reference?) [C:\Users\eduardo.hipolito\Documents\MyProjects\MultiTenantApp\src\MultiTenantApp.Web\MultiTenantApp.Web.csproj]
C:\Users\eduardo.hipolito\Documents\MyProjects\MultiTenantApp\src\MultiTenantApp.Web\Services\IUserService.cs(10,52): error CS0246: The type or namespace name 'PagedRequest' could not be found (are you missing a using directive or an assembly reference?) [C:\Users\eduardo.hipolito\Documents\MyProjects\MultiTenantApp\src\MultiTenantApp.Web\MultiTenantApp.Web.csproj]
C:\Users\eduardo.hipolito\Documents\MyProjects\MultiTenantApp\src\MultiTenantApp.Web\Services\IUserService.cs(10,14): error CS0246: The type or namespace name 'PagedResponse<>' could not be found (are you missing a using directive or an assembly reference?) [C:\Users\eduardo.hipolito\Documents\MyProjects\MultiTenantApp\src\MultiTenantApp.Web\MultiTenantApp.Web.csproj]
C:\Users\eduardo.hipolito\Documents\MyProjects\MultiTenantApp\src\MultiTenantApp.Web\Services\IRuleService.cs(10,52): error CS0246: The type or namespace name 'PagedRequest' could not be found (are you missing a using directive or an assembly reference?) [C:\Users\eduardo.hipolito\Documents\MyProjects\MultiTenantApp\src\MultiTenantApp.Web\MultiTenantApp.Web.csproj]
C:\Users\eduardo.hipolito\Documents\MyProjects\MultiTenantApp\src\MultiTenantApp.Web\Services\IRuleService.cs(10,14): error CS0246: The type or namespace name 'PagedResponse<>' could not be found (are you missing a using directive or an assembly reference?) [C:\Users\eduardo.hipolito\Documents\MyProjects\MultiTenantApp\src\MultiTenantApp.Web\MultiTenantApp.Web.csproj]
C:\Users\eduardo.hipolito\Documents\MyProjects\MultiTenantApp\src\MultiTenantApp.Web\_Imports.razor(13,8): error CS0246: The type or namespace name 'MudBlazor' could not be found (are you missing a using directive or an assembly reference?) [C:\Users\eduardo.hipolito\Documents\MyProjects\MultiTenantApp\src\MultiTenantApp.Web\MultiTenantApp.Web.csproj]
C:\Users\eduardo.hipolito\Documents\MyProjects\MultiTenantApp\src\MultiTenantApp.Web\Services\ProductService.cs(41,68): error CS0246: The type or namespace name 'PagedRequest' could not be found (are you missing a using directive or an assembly reference?) [C:\Users\eduardo.hipolito\Documents\MyProjects\MultiTenantApp\src\MultiTenantApp.Web\MultiTenantApp.Web.csproj]
C:\Users\eduardo.hipolito\Documents\MyProjects\MultiTenantApp\src\MultiTenantApp.Web\Services\ProductService.cs(41,27): error CS0246: The type or namespace name 'PagedResponse<>' could not be found (are you missing a using directive or an assembly reference?) [C:\Users\eduardo.hipolito\Documents\MyProjects\MultiTenantApp\src\MultiTenantApp.Web\MultiTenantApp.Web.csproj]
C:\Users\eduardo.hipolito\Documents\MyProjects\MultiTenantApp\src\MultiTenantApp.Web\_Imports.razor(13,8): error CS0246: The type or namespace name 'MudBlazor' could not be found (are you missing a using directive or an assembly reference?) [C:\Users\eduardo.hipolito\Documents\MyProjects\MultiTenantApp\src\MultiTenantApp.Web\MultiTenantApp.Web.csproj]
C:\Users\eduardo.hipolito\Documents\MyProjects\MultiTenantApp\src\MultiTenantApp.Web\Services\IProductService.cs(14,55): error CS0246: The type or namespace name 'PagedRequest' could not be found (are you missing a using directive or an assembly reference?) [C:\Users\eduardo.hipolito\Documents\MyProjects\MultiTenantApp\src\MultiTenantApp.Web\MultiTenantApp.Web.csproj]
C:\Users\eduardo.hipolito\Documents\MyProjects\MultiTenantApp\src\MultiTenantApp.Web\Services\IProductService.cs(14,14): error CS0246: The type or namespace name 'PagedResponse<>' could not be found (are you missing a using directive or an assembly reference?) [C:\Users\eduardo.hipolito\Documents\MyProjects\MultiTenantApp\src\MultiTenantApp.Web\MultiTenantApp.Web.csproj]
C:\Users\eduardo.hipolito\Documents\MyProjects\MultiTenantApp\src\MultiTenantApp.Web\Services\RuleService.cs(23,65): error CS0246: The type or namespace name 'PagedRequest' could not be found (are you missing a using directive or an assembly reference?) [C:\Users\eduardo.hipolito\Documents\MyProjects\MultiTenantApp\src\MultiTenantApp.Web\MultiTenantApp.Web.csproj]
C:\Users\eduardo.hipolito\Documents\MyProjects\MultiTenantApp\src\MultiTenantApp.Web\Services\RuleService.cs(23,27): error CS0246: The type or namespace name 'PagedResponse<>' could not be found (are you missing a using directive or an assembly reference?) [C:\Users\eduardo.hipolito\Documents\MyProjects\MultiTenantApp\src\MultiTenantApp.Web\MultiTenantApp.Web.csproj]
C:\Users\eduardo.hipolito\Documents\MyProjects\MultiTenantApp\src\MultiTenantApp.Web\Services\UserService.cs(23,65): error CS0246: The type or namespace name 'PagedRequest' could not be found (are you missing a using directive or an assembly reference?) [C:\Users\eduardo.hipolito\Documents\MyProjects\MultiTenantApp\src\MultiTenantApp.Web\MultiTenantApp.Web.csproj]
C:\Users\eduardo.hipolito\Documents\MyProjects\MultiTenantApp\src\MultiTenantApp.Web\Services\UserService.cs(23,27): error CS0246: The type or namespace name 'PagedResponse<>' could not be found (are you missing a using directive or an assembly reference?) [C:\Users\eduardo.hipolito\Documents\MyProjects\MultiTenantApp\src\MultiTenantApp.Web\MultiTenantApp.Web.csproj]
C:\Users\eduardo.hipolito\Documents\MyProjects\MultiTenantApp\src\MultiTenantApp.Web\_Imports.razor(13,8): error CS0246: The type or namespace name 'MudBlazor' could not be found (are you missing a using directive or an assembly reference?) [C:\Users\eduardo.hipolito\Documents\MyProjects\MultiTenantApp\src\MultiTenantApp.Web\MultiTenantApp.Web.csproj]
C:\Users\eduardo.hipolito\Documents\MyProjects\MultiTenantApp\src\MultiTenantApp.Web\_Imports.razor(13,8): error CS0246: The type or namespace name 'MudBlazor' could not be found (are you missing a using directive or an assembly reference?) [C:\Users\eduardo.hipolito\Documents\MyProjects\MultiTenantApp\src\MultiTenantApp.Web\MultiTenantApp.Web.csproj]
C:\Users\eduardo.hipolito\Documents\MyProjects\MultiTenantApp\src\MultiTenantApp.Web\_Imports.razor(13,8): error CS0246: The type or namespace name 'MudBlazor' could not be found (are you missing a using directive or an assembly reference?) [C:\Users\eduardo.hipolito\Documents\MyProjects\MultiTenantApp\src\MultiTenantApp.Web\MultiTenantApp.Web.csproj]
C:\Users\eduardo.hipolito\Documents\MyProjects\MultiTenantApp\src\MultiTenantApp.Web\_Imports.razor(13,8): error CS0246: The type or namespace name 'MudBlazor' could not be found (are you missing a using directive or an assembly reference?) [C:\Users\eduardo.hipolito\Documents\MyProjects\MultiTenantApp\src\MultiTenantApp.Web\MultiTenantApp.Web.csproj]
C:\Users\eduardo.hipolito\Documents\MyProjects\MultiTenantApp\src\MultiTenantApp.Web\_Imports.razor(13,8): error CS0246: The type or namespace name 'MudBlazor' could not be found (are you missing a using directive or an assembly reference?) [C:\Users\eduardo.hipolito\Documents\MyProjects\MultiTenantApp\src\MultiTenantApp.Web\MultiTenantApp.Web.csproj]
C:\Users\eduardo.hipolito\Documents\MyProjects\MultiTenantApp\src\MultiTenantApp.Web\_Imports.razor(13,8): error CS0246: The type or namespace name 'MudBlazor' could not be found (are you missing a using directive or an assembly reference?) [C:\Users\eduardo.hipolito\Documents\MyProjects\MultiTenantApp\src\MultiTenantApp.Web\MultiTenantApp.Web.csproj]
C:\Users\eduardo.hipolito\Documents\MyProjects\MultiTenantApp\src\MultiTenantApp.Web\Pages\Rules.razor(60,58): error CS0246: The type or namespace name 'GridState<>' could not be found (are you missing a using directive or an assembly reference?) [C:\Users\eduardo.hipolito\Documents\MyProjects\MultiTenantApp\src\MultiTenantApp.Web\MultiTenantApp.Web.csproj]
C:\Users\eduardo.hipolito\Documents\MyProjects\MultiTenantApp\src\MultiTenantApp.Web\Pages\Rules.razor(60,24): error CS0246: The type or namespace name 'GridData<>' could not be found (are you missing a using directive or an assembly reference?) [C:\Users\eduardo.hipolito\Documents\MyProjects\MultiTenantApp\src\MultiTenantApp.Web\MultiTenantApp.Web.csproj]
C:\Users\eduardo.hipolito\Documents\MyProjects\MultiTenantApp\src\MultiTenantApp.Web\Pages\ProductCreateDialog.razor(39,26): error CS0246: The type or namespace name 'MudDialogInstance' could not be found (are you missing a using directive or an assembly reference?) [C:\Users\eduardo.hipolito\Documents\MyProjects\MultiTenantApp\src\MultiTenantApp.Web\MultiTenantApp.Web.csproj]
C:\Users\eduardo.hipolito\Documents\MyProjects\MultiTenantApp\src\MultiTenantApp.Web\Pages\Login.razor(5,9): error CS0246: The type or namespace name 'ITenantService' could not be found (are you missing a using directive or an assembly reference?) [C:\Users\eduardo.hipolito\Documents\MyProjects\MultiTenantApp\src\MultiTenantApp.Web\MultiTenantApp.Web.csproj]
C:\Users\eduardo.hipolito\Documents\MyProjects\MultiTenantApp\src\MultiTenantApp.Web\Pages\Products.razor(44,61): error CS0246: The type or namespace name 'GridState<>' could not be found (are you missing a using directive or an assembly reference?) [C:\Users\eduardo.hipolito\Documents\MyProjects\MultiTenantApp\src\MultiTenantApp.Web\MultiTenantApp.Web.csproj]
C:\Users\eduardo.hipolito\Documents\MyProjects\MultiTenantApp\src\MultiTenantApp.Web\Pages\Products.razor(44,24): error CS0246: The type or namespace name 'GridData<>' could not be found (are you missing a using directive or an assembly reference?) [C:\Users\eduardo.hipolito\Documents\MyProjects\MultiTenantApp\src\MultiTenantApp.Web\MultiTenantApp.Web.csproj]
C:\Users\eduardo.hipolito\Documents\MyProjects\MultiTenantApp\src\MultiTenantApp.Web\Pages\Rules.razor(9,9): error CS0246: The type or namespace name 'ISnackbar' could not be found (are you missing a using directive or an assembly reference?) [C:\Users\eduardo.hipolito\Documents\MyProjects\MultiTenantApp\src\MultiTenantApp.Web\MultiTenantApp.Web.csproj]
C:\Users\eduardo.hipolito\Documents\MyProjects\MultiTenantApp\src\MultiTenantApp.Web\Pages\Register.razor(64,13): error CS0246: The type or namespace name 'MudForm' could not be found (are you missing a using directive or an assembly reference?) [C:\Users\eduardo.hipolito\Documents\MyProjects\MultiTenantApp\src\MultiTenantApp.Web\MultiTenantApp.Web.csproj]
C:\Users\eduardo.hipolito\Documents\MyProjects\MultiTenantApp\src\MultiTenantApp.Web\Pages\Products.razor(5,9): error CS0246: The type or namespace name 'ISnackbar' could not be found (are you missing a using directive or an assembly reference?) [C:\Users\eduardo.hipolito\Documents\MyProjects\MultiTenantApp\src\MultiTenantApp.Web\MultiTenantApp.Web.csproj]
C:\Users\eduardo.hipolito\Documents\MyProjects\MultiTenantApp\src\MultiTenantApp.Web\Pages\ProductCreateDialog.razor(3,9): error CS0246: The type or namespace name 'IDialogService' could not be found (are you missing a using directive or an assembly reference?) [C:\Users\eduardo.hipolito\Documents\MyProjects\MultiTenantApp\src\MultiTenantApp.Web\MultiTenantApp.Web.csproj]
C:\Users\eduardo.hipolito\Documents\MyProjects\MultiTenantApp\src\MultiTenantApp.Web\Pages\Rules.razor(57,13): error CS0246: The type or namespace name 'MudDataGrid<>' could not be found (are you missing a using directive or an assembly reference?) [C:\Users\eduardo.hipolito\Documents\MyProjects\MultiTenantApp\src\MultiTenantApp.Web\MultiTenantApp.Web.csproj]
C:\Users\eduardo.hipolito\Documents\MyProjects\MultiTenantApp\src\MultiTenantApp.Web\Pages\Users.razor(93,58): error CS0246: The type or namespace name 'GridState<>' could not be found (are you missing a using directive or an assembly reference?) [C:\Users\eduardo.hipolito\Documents\MyProjects\MultiTenantApp\src\MultiTenantApp.Web\MultiTenantApp.Web.csproj]
C:\Users\eduardo.hipolito\Documents\MyProjects\MultiTenantApp\src\MultiTenantApp.Web\Pages\Users.razor(93,24): error CS0246: The type or namespace name 'GridData<>' could not be found (are you missing a using directive or an assembly reference?) [C:\Users\eduardo.hipolito\Documents\MyProjects\MultiTenantApp\src\MultiTenantApp.Web\MultiTenantApp.Web.csproj]
C:\Users\eduardo.hipolito\Documents\MyProjects\MultiTenantApp\src\MultiTenantApp.Web\Pages\ProductCreateDialog.razor(2,9): error CS0246: The type or namespace name 'ISnackbar' could not be found (are you missing a using directive or an assembly reference?) [C:\Users\eduardo.hipolito\Documents\MyProjects\MultiTenantApp\src\MultiTenantApp.Web\MultiTenantApp.Web.csproj]
C:\Users\eduardo.hipolito\Documents\MyProjects\MultiTenantApp\src\MultiTenantApp.Web\Pages\Login.razor(60,13): error CS0246: The type or namespace name 'MudForm' could not be found (are you missing a using directive or an assembly reference?) [C:\Users\eduardo.hipolito\Documents\MyProjects\MultiTenantApp\src\MultiTenantApp.Web\MultiTenantApp.Web.csproj]
C:\Users\eduardo.hipolito\Documents\MyProjects\MultiTenantApp\src\MultiTenantApp.Web\Pages\Users.razor(9,9): error CS0246: The type or namespace name 'ISnackbar' could not be found (are you missing a using directive or an assembly reference?) [C:\Users\eduardo.hipolito\Documents\MyProjects\MultiTenantApp\src\MultiTenantApp.Web\MultiTenantApp.Web.csproj]
C:\Users\eduardo.hipolito\Documents\MyProjects\MultiTenantApp\src\MultiTenantApp.Web\Pages\ProductCreateDialog.razor(41,13): error CS0246: The type or namespace name 'MudForm' could not be found (are you missing a using directive or an assembly reference?) [C:\Users\eduardo.hipolito\Documents\MyProjects\MultiTenantApp\src\MultiTenantApp.Web\MultiTenantApp.Web.csproj]
C:\Users\eduardo.hipolito\Documents\MyProjects\MultiTenantApp\src\MultiTenantApp.Web\Pages\Users.razor(88,13): error CS0246: The type or namespace name 'MudForm' could not be found (are you missing a using directive or an assembly reference?) [C:\Users\eduardo.hipolito\Documents\MyProjects\MultiTenantApp\src\MultiTenantApp.Web\MultiTenantApp.Web.csproj]
C:\Users\eduardo.hipolito\Documents\MyProjects\MultiTenantApp\src\MultiTenantApp.Web\Pages\Products.razor(4,9): error CS0246: The type or namespace name 'IDialogService' could not be found (are you missing a using directive or an assembly reference?) [C:\Users\eduardo.hipolito\Documents\MyProjects\MultiTenantApp\src\MultiTenantApp.Web\MultiTenantApp.Web.csproj]
C:\Users\eduardo.hipolito\Documents\MyProjects\MultiTenantApp\src\MultiTenantApp.Web\Pages\Users.razor(90,13): error CS0246: The type or namespace name 'MudDataGrid<>' could not be found (are you missing a using directive or an assembly reference?) [C:\Users\eduardo.hipolito\Documents\MyProjects\MultiTenantApp\src\MultiTenantApp.Web\MultiTenantApp.Web.csproj]
C:\Users\eduardo.hipolito\Documents\MyProjects\MultiTenantApp\src\MultiTenantApp.Web\Pages\Products.razor(42,13): error CS0246: The type or namespace name 'MudDataGrid<>' could not be found (are you missing a using directive or an assembly reference?) [C:\Users\eduardo.hipolito\Documents\MyProjects\MultiTenantApp\src\MultiTenantApp.Web\MultiTenantApp.Web.csproj]
    100 Warning(s)
    68 Error(s)

Time Elapsed 00:00:02.15
